<html>
<body>
<pre>
<h1>µVision Build Log</h1>
<h2>Project:</h2>
C:\Users\Burak\Documents\Keil\Week12\term_project.uvproj
Project File Date:  01/02/2021

<h2>Output:</h2>
Build target 'Target 1'
linking...
Program Size: Code=13200 RO-data=268 RW-data=92 ZI-data=1716  
FromELF: creating hex file...
".\term_project.axf" - 0 Error(s), 0 Warning(s).
Load "C:\\Users\\Burak\\Documents\\Keil\\Week12\\term_project.axf" 
Erase Done.
Programming Done.
Verify OK.
Application running ...
</pre>
</body>
</html>
