ARM Linker, 5.03 [Build 76] [MDK-ARM Lite]

==============================================================================

Section Cross References

    startup_stm32f10x_md.o(STACK) refers (Special) to heapauxi.o(.text) for __use_two_region_memory
    startup_stm32f10x_md.o(HEAP) refers (Special) to heapauxi.o(.text) for __use_two_region_memory
    startup_stm32f10x_md.o(RESET) refers (Special) to heapauxi.o(.text) for __use_two_region_memory
    startup_stm32f10x_md.o(RESET) refers to startup_stm32f10x_md.o(STACK) for __initial_sp
    startup_stm32f10x_md.o(RESET) refers to startup_stm32f10x_md.o(.text) for Reset_Handler
    startup_stm32f10x_md.o(RESET) refers to stm32f10x_it.o(.text) for NMI_Handler
    startup_stm32f10x_md.o(.text) refers (Special) to heapauxi.o(.text) for __use_two_region_memory
    startup_stm32f10x_md.o(.text) refers to system_stm32f10x.o(.text) for SystemInit
    startup_stm32f10x_md.o(.text) refers to __main.o(!!!main) for __main
    startup_stm32f10x_md.o(.text) refers to startup_stm32f10x_md.o(HEAP) for Heap_Mem
    startup_stm32f10x_md.o(.text) refers to startup_stm32f10x_md.o(STACK) for Stack_Mem
    stm32f10x_it.o(.text) refers to _printf_percent.o(.ARM.Collect$$_printf_percent$$00000000) for _printf_percent
    stm32f10x_it.o(.text) refers to _printf_d.o(.ARM.Collect$$_printf_percent$$00000009) for _printf_d
    stm32f10x_it.o(.text) refers to _printf_dec.o(.text) for _printf_int_dec
    stm32f10x_it.o(.text) refers to stm32f10x_usart.o(.text) for USART_SendData
    stm32f10x_it.o(.text) refers to stm32f10x_tim.o(.text) for TIM_GetITStatus
    stm32f10x_it.o(.text) refers to f2d.o(x$fpl$f2d) for __aeabi_f2d
    stm32f10x_it.o(.text) refers to daddsub_clz.o(x$fpl$dadd) for __aeabi_dadd
    stm32f10x_it.o(.text) refers to d2f.o(x$fpl$d2f) for __aeabi_d2f
    stm32f10x_it.o(.text) refers to drleqf.o(x$fpl$drleqf) for __aeabi_cdrcmple
    stm32f10x_it.o(.text) refers to main.o(.text) for read_sensor
    stm32f10x_it.o(.text) refers to fflt_clz.o(x$fpl$ffltu) for __aeabi_ui2f
    stm32f10x_it.o(.text) refers to noretval__2sprintf.o(.text) for __2sprintf
    stm32f10x_it.o(.text) refers to faddsub_clz.o(x$fpl$fsub) for __aeabi_fsub
    stm32f10x_it.o(.text) refers to fmul.o(x$fpl$fmul) for __aeabi_fmul
    stm32f10x_it.o(.text) refers to fdiv.o(x$fpl$fdiv) for __aeabi_fdiv
    stm32f10x_it.o(.text) refers to frleqf.o(x$fpl$frleqf) for __aeabi_cfrcmple
    stm32f10x_it.o(.text) refers to fleqf.o(x$fpl$fleqf) for __aeabi_cfcmple
    stm32f10x_it.o(.text) refers to stm32f10x_gpio.o(.text) for GPIO_SetBits
    stm32f10x_it.o(.text) refers to main.o(.data) for t
    stm32f10x_it.o(.text) refers to main.o(.bss) for temperature
    stm32f10x_it.o(.text) refers to stm32f10x_it.o(.data) for read_temp
    system_stm32f10x.o(.text) refers to system_stm32f10x.o(.data) for SystemCoreClock
    main.o(.text) refers to stm32f10x_i2c.o(.text) for I2C_Init
    main.o(.text) refers to stm32f10x_usart.o(.text) for USART_Init
    main.o(.text) refers to stm32f10x_adc.o(.text) for ADC_Init
    main.o(.text) refers to stm32f10x_tim.o(.text) for TIM_TimeBaseInit
    main.o(.text) refers to misc.o(.text) for NVIC_Init
    main.o(.text) refers to stm32f10x_gpio.o(.text) for GPIO_Init
    main.o(.text) refers to stm32f10x_rcc.o(.text) for RCC_ADCCLKConfig
    main.o(.text) refers to fflt_clz.o(x$fpl$ffltu) for __aeabi_ui2f
    main.o(.text) refers to main.o(.bss) for I2C_InitStructure
    main.o(.text) refers to main.o(.data) for NVIC_InitStructure
    stm32f10x_adc.o(.text) refers to stm32f10x_rcc.o(.text) for RCC_APB2PeriphResetCmd
    stm32f10x_bkp.o(.text) refers to stm32f10x_rcc.o(.text) for RCC_BackupResetCmd
    stm32f10x_can.o(.text) refers to stm32f10x_rcc.o(.text) for RCC_APB1PeriphResetCmd
    stm32f10x_cec.o(.text) refers to stm32f10x_rcc.o(.text) for RCC_APB1PeriphResetCmd
    stm32f10x_dac.o(.text) refers to stm32f10x_rcc.o(.text) for RCC_APB1PeriphResetCmd
    stm32f10x_gpio.o(.text) refers to stm32f10x_rcc.o(.text) for RCC_APB2PeriphResetCmd
    stm32f10x_i2c.o(.text) refers to stm32f10x_rcc.o(.text) for RCC_APB1PeriphResetCmd
    stm32f10x_pwr.o(.text) refers to stm32f10x_rcc.o(.text) for RCC_APB1PeriphResetCmd
    stm32f10x_rcc.o(.text) refers to stm32f10x_rcc.o(.data) for APBAHBPrescTable
    stm32f10x_spi.o(.text) refers to stm32f10x_rcc.o(.text) for RCC_APB2PeriphResetCmd
    stm32f10x_tim.o(.text) refers to stm32f10x_rcc.o(.text) for RCC_APB2PeriphResetCmd
    stm32f10x_usart.o(.text) refers to stm32f10x_rcc.o(.text) for RCC_APB2PeriphResetCmd
    stm32f10x_wwdg.o(.text) refers to stm32f10x_rcc.o(.text) for RCC_APB1PeriphResetCmd
    __2sprintf.o(.text) refers to _printf_char_common.o(.text) for _printf_char_common
    __2sprintf.o(.text) refers to _sputc.o(.text) for _sputc
    noretval__2sprintf.o(.text) refers to _printf_char_common.o(.text) for _printf_char_common
    noretval__2sprintf.o(.text) refers to _sputc.o(.text) for _sputc
[...]
    libinit2.o(.ARM.Collect$$libinit$$0000000E) refers to libinit2.o(.ARM.Collect$$libinit$$0000000D) for .ARM.Collect$$libinit$$0000000D
    libinit2.o(.ARM.Collect$$libinit$$00000010) refers to libinit2.o(.ARM.Collect$$libinit$$0000000D) for .ARM.Collect$$libinit$$0000000D
    libinit2.o(.ARM.Collect$$libinit$$00000012) refers to libinit2.o(.ARM.Collect$$libinit$$0000000D) for .ARM.Collect$$libinit$$0000000D
    libinit2.o(.ARM.Collect$$libinit$$00000014) refers to libinit2.o(.ARM.Collect$$libinit$$0000000D) for .ARM.Collect$$libinit$$0000000D
    libinit2.o(.ARM.Collect$$libinit$$00000016) refers to libinit2.o(.ARM.Collect$$libinit$$0000000D) for .ARM.Collect$$libinit$$0000000D
    libinit2.o(.ARM.Collect$$libinit$$00000024) refers to argv_veneer.o(.emb_text) for __ARM_argv_veneer
    libinit2.o(.ARM.Collect$$libinit$$00000025) refers to argv_veneer.o(.emb_text) for __ARM_argv_veneer
    rtexit2.o(.ARM.Collect$$rtexit$$00000003) refers to libshutdown.o(.ARM.Collect$$libshutdown$$00000000) for __rt_lib_shutdown
    rtexit2.o(.ARM.Collect$$rtexit$$00000004) refers to sys_exit.o(.text) for _sys_exit
    rtexit2.o(.ARM.exidx) refers to rtexit2.o(.ARM.Collect$$rtexit$$00000001) for .ARM.Collect$$rtexit$$00000001
    rtexit2.o(.ARM.exidx) refers to rtexit2.o(.ARM.Collect$$rtexit$$00000003) for .ARM.Collect$$rtexit$$00000003
    rtexit2.o(.ARM.exidx) refers to rtexit2.o(.ARM.Collect$$rtexit$$00000004) for .ARM.Collect$$rtexit$$00000004
    argv_veneer.o(.emb_text) refers to no_argv.o(.text) for __ARM_get_argv
    sys_exit.o(.text) refers (Special) to use_no_semi.o(.text) for __I$use$semihosting
    sys_exit.o(.text) refers (Special) to indicate_semi.o(.text) for __semihosting_library_function
    _get_argv_nomalloc.o(.text) refers (Special) to hrguard.o(.text) for __heap_region$guard
    _get_argv_nomalloc.o(.text) refers to defsig_rtmem_outer.o(.text) for __rt_SIGRTMEM
    _get_argv_nomalloc.o(.text) refers to sys_command.o(.text) for _sys_command_string
    libshutdown.o(.ARM.Collect$$libshutdown$$00000000) refers (Special) to libshutdown2.o(.ARM.Collect$$libshutdown$$00000006) for __rt_lib_shutdown_fp_trap_1
    libshutdown.o(.ARM.Collect$$libshutdown$$00000000) refers (Special) to libshutdown2.o(.ARM.Collect$$libshutdown$$0000000E) for __rt_lib_shutdown_heap_1
    libshutdown.o(.ARM.Collect$$libshutdown$$00000000) refers (Special) to libshutdown2.o(.ARM.Collect$$libshutdown$$0000000F) for __rt_lib_shutdown_return
    libshutdown.o(.ARM.Collect$$libshutdown$$00000000) refers (Special) to libshutdown2.o(.ARM.Collect$$libshutdown$$00000009) for __rt_lib_shutdown_signal_1
    libshutdown.o(.ARM.Collect$$libshutdown$$00000000) refers (Special) to libshutdown2.o(.ARM.Collect$$libshutdown$$00000003) for __rt_lib_shutdown_stdio_1
    libshutdown.o(.ARM.Collect$$libshutdown$$00000000) refers (Special) to libshutdown2.o(.ARM.Collect$$libshutdown$$0000000B) for __rt_lib_shutdown_user_alloc_1
    sys_command.o(.text) refers (Special) to use_no_semi.o(.text) for __I$use$semihosting
    sys_command.o(.text) refers (Special) to indicate_semi.o(.text) for __semihosting_library_function
    defsig_rtmem_outer.o(.text) refers to defsig_rtmem_inner.o(.text) for __rt_SIGRTMEM_inner
    defsig_rtmem_outer.o(.text) refers to defsig_exit.o(.text) for __sig_exit
    defsig_rtmem_formal.o(.text) refers to rt_raise.o(.text) for __rt_raise
    rt_raise.o(.text) refers to __raise.o(.text) for __raise
    rt_raise.o(.text) refers to sys_exit.o(.text) for _sys_exit
    defsig_exit.o(.text) refers to sys_exit.o(.text) for _sys_exit
    defsig_rtmem_inner.o(.text) refers to defsig_general.o(.text) for __default_signal_display
    __raise.o(.text) refers to defsig.o(CL$$defsig) for __default_signal_handler
    defsig_general.o(.text) refers to sys_wrch.o(.text) for _ttywrch
    sys_wrch.o(.text) refers (Special) to use_no_semi.o(.text) for __I$use$semihosting
    sys_wrch.o(.text) refers (Special) to indicate_semi.o(.text) for __semihosting_library_function
    defsig.o(CL$$defsig) refers to defsig_rtmem_inner.o(.text) for __rt_SIGRTMEM_inner
    defsig_abrt_inner.o(.text) refers to defsig_general.o(.text) for __default_signal_display
    defsig_fpe_inner.o(.text) refers to defsig_general.o(.text) for __default_signal_display
    defsig_rtred_inner.o(.text) refers to defsig_general.o(.text) for __default_signal_display
    defsig_stak_inner.o(.text) refers to defsig_general.o(.text) for __default_signal_display
    defsig_pvfn_inner.o(.text) refers to defsig_general.o(.text) for __default_signal_display
    defsig_cppl_inner.o(.text) refers to defsig_general.o(.text) for __default_signal_display
    defsig_segv_inner.o(.text) refers to defsig_general.o(.text) for __default_signal_display
    defsig_other.o(.text) refers to defsig_general.o(.text) for __default_signal_display


==============================================================================

Removing Unused input sections from the image.

    Removing stm32f10x_bkp.o(.text), (196 bytes).
    Removing stm32f10x_can.o(.text), (2540 bytes).
    Removing stm32f10x_cec.o(.text), (288 bytes).
    Removing stm32f10x_crc.o(.text), (72 bytes).
    Removing stm32f10x_dac.o(.text), (396 bytes).
    Removing stm32f10x_dbgmcu.o(.text), (48 bytes).
    Removing stm32f10x_dma.o(.text), (592 bytes).
    Removing stm32f10x_exti.o(.text), (284 bytes).
    Removing stm32f10x_flash.o(.text), (1468 bytes).
    Removing stm32f10x_fsmc.o(.text), (1560 bytes).
    Removing stm32f10x_iwdg.o(.text), (64 bytes).
    Removing stm32f10x_pwr.o(.text), (204 bytes).
    Removing stm32f10x_rtc.o(.text), (324 bytes).
    Removing stm32f10x_sdio.o(.text), (472 bytes).
    Removing stm32f10x_spi.o(.text), (780 bytes).
    Removing stm32f10x_wwdg.o(.text), (136 bytes).

16 unused section(s) (total 9424 bytes) removed from the image.

==============================================================================

Image Symbol Table

    Local Symbols

    Symbol Name                              Value     Ov Type        Size  Object(Section)

    ../clib/angel/boardlib.s                 0x00000000   Number         0  boardinit3.o ABSOLUTE
    ../clib/angel/boardlib.s                 0x00000000   Number         0  boardinit1.o ABSOLUTE
    ../clib/angel/boardlib.s                 0x00000000   Number         0  boardinit2.o ABSOLUTE
    ../clib/angel/boardlib.s                 0x00000000   Number         0  boardshut.o ABSOLUTE
    ../clib/angel/handlers.s                 0x00000000   Number         0  __scatter_copy.o ABSOLUTE
    ../clib/angel/handlers.s                 0x00000000   Number         0  __scatter_zi.o ABSOLUTE
    ../clib/angel/kernel.s                   0x00000000   Number         0  rtentry4.o ABSOLUTE
    ../clib/angel/kernel.s                   0x00000000   Number         0  rtentry.o ABSOLUTE
    ../clib/angel/kernel.s                   0x00000000   Number         0  rtentry2.o ABSOLUTE
    ../clib/angel/kernel.s                   0x00000000   Number         0  rtexit.o ABSOLUTE
    ../clib/angel/kernel.s                   0x00000000   Number         0  rtexit2.o ABSOLUTE
    ../clib/angel/rt.s                       0x00000000   Number         0  rt_raise.o ABSOLUTE
    ../clib/angel/scatter.s                  0x00000000   Number         0  __scatter.o ABSOLUTE
    ../clib/angel/startup.s                  0x00000000   Number         0  __main.o ABSOLUTE
    ../clib/angel/sys.s                      0x00000000   Number         0  sys_stackheap_outer.o ABSOLUTE
    ../clib/angel/sys.s                      0x00000000   Number         0  libspace.o ABSOLUTE
    ../clib/angel/sys.s                      0x00000000   Number         0  use_no_semi.o ABSOLUTE
    ../clib/angel/sys.s                      0x00000000   Number         0  indicate_semi.o ABSOLUTE
    ../clib/angel/sysapp.c                   0x00000000   Number         0  sys_exit.o ABSOLUTE
    ../clib/angel/sysapp.c                   0x00000000   Number         0  sys_wrch.o ABSOLUTE
    ../clib/angel/sysapp.c                   0x00000000   Number         0  sys_command.o ABSOLUTE
    ../clib/armsys.c                         0x00000000   Number         0  _get_argv_nomalloc.o ABSOLUTE
    ../clib/armsys.c                         0x00000000   Number         0  no_argv.o ABSOLUTE
    ../clib/armsys.c                         0x00000000   Number         0  argv_veneer.o ABSOLUTE
    ../clib/armsys.c                         0x00000000   Number         0  argv_veneer.o ABSOLUTE
    ../clib/heapalloc.c                      0x00000000   Number         0  hrguard.o ABSOLUTE
    ../clib/heapaux.c                        0x00000000   Number         0  heapauxi.o ABSOLUTE
    ../clib/libinit.s                        0x00000000   Number         0  libinit.o ABSOLUTE
    ../clib/libinit.s                        0x00000000   Number         0  libshutdown.o ABSOLUTE
    ../clib/libinit.s                        0x00000000   Number         0  libinit2.o ABSOLUTE
    ../clib/libinit.s                        0x00000000   Number         0  libshutdown2.o ABSOLUTE
    ../clib/printf.c                         0x00000000   Number         0  noretval__2sprintf.o ABSOLUTE
    ../clib/printf.c                         0x00000000   Number         0  __printf.o ABSOLUTE
    ../clib/printf.c                         0x00000000   Number         0  _sputc.o ABSOLUTE
    ../clib/printf.c                         0x00000000   Number         0  __printf_flags_ss_wp.o ABSOLUTE
    ../clib/printf.c                         0x00000000   Number         0  __2sprintf.o ABSOLUTE
    ../clib/printf.c                         0x00000000   Number         0  _printf_dec.o ABSOLUTE
    ../clib/printf.c                         0x00000000   Number         0  __printf_flags.o ABSOLUTE
    ../clib/printf.c                         0x00000000   Number         0  __printf_ss.o ABSOLUTE
    ../clib/printf.c                         0x00000000   Number         0  __printf_ss_wp.o ABSOLUTE
    ../clib/printf.c                         0x00000000   Number         0  __printf_flags_wp.o ABSOLUTE
    ../clib/printf.c                         0x00000000   Number         0  __printf_wp.o ABSOLUTE
    ../clib/printf.c                         0x00000000   Number         0  __printf_flags_ss.o ABSOLUTE
    ../clib/printf.c                         0x00000000   Number         0  __printf_nopercent.o ABSOLUTE
    ../clib/printf.c                         0x00000000   Number         0  _printf_intcommon.o ABSOLUTE
    ../clib/printf.c                         0x00000000   Number         0  _printf_char_common.o ABSOLUTE
    ../clib/printf_percent.s                 0x00000000   Number         0  _printf_percent.o ABSOLUTE
    ../clib/printf_percent.s                 0x00000000   Number         0  _printf_d.o ABSOLUTE
    ../clib/printf_percent.s                 0x00000000   Number         0  _printf_percent_end.o ABSOLUTE
    ../clib/signal.c                         0x00000000   Number         0  __raise.o ABSOLUTE
    ../clib/signal.c                         0x00000000   Number         0  defsig_general.o ABSOLUTE
    ../clib/signal.c                         0x00000000   Number         0  defsig_abrt_inner.o ABSOLUTE
    ../clib/signal.c                         0x00000000   Number         0  defsig_rtred_inner.o ABSOLUTE
    ../clib/signal.c                         0x00000000   Number         0  defsig_rtmem_outer.o ABSOLUTE
    ../clib/signal.c                         0x00000000   Number         0  defsig_stak_inner.o ABSOLUTE
    ../clib/signal.c                         0x00000000   Number         0  defsig_pvfn_inner.o ABSOLUTE
    ../clib/signal.c                         0x00000000   Number         0  defsig_cppl_inner.o ABSOLUTE
    ../clib/signal.c                         0x00000000   Number         0  defsig_segv_inner.o ABSOLUTE
    ../clib/signal.c                         0x00000000   Number         0  defsig_other.o ABSOLUTE
    ../clib/signal.c                         0x00000000   Number         0  defsig_rtmem_formal.o ABSOLUTE
    ../clib/signal.c                         0x00000000   Number         0  defsig_exit.o ABSOLUTE
    ../clib/signal.c                         0x00000000   Number         0  defsig_rtmem_inner.o ABSOLUTE
    ../clib/signal.c                         0x00000000   Number         0  defsig_fpe_inner.o ABSOLUTE
    ../clib/signal.s                         0x00000000   Number         0  defsig.o ABSOLUTE
    ../clib/stdlib.c                         0x00000000   Number         0  exit.o ABSOLUTE
    ../fplib/d2f.s                           0x00000000   Number         0  d2f.o ABSOLUTE
    ../fplib/daddsub.s                       0x00000000   Number         0  daddsub_clz.o ABSOLUTE
    ../fplib/dcmpi.s                         0x00000000   Number         0  dcmpi.o ABSOLUTE
    ../fplib/dleqf.s                         0x00000000   Number         0  dleqf.o ABSOLUTE
    ../fplib/dnaninf.s                       0x00000000   Number         0  dnaninf.o ABSOLUTE
    ../fplib/dretinf.s                       0x00000000   Number         0  dretinf.o ABSOLUTE
    ../fplib/drleqf.s                        0x00000000   Number         0  drleqf.o ABSOLUTE
    ../fplib/f2d.s                           0x00000000   Number         0  f2d.o ABSOLUTE
    ../fplib/faddsub.s                       0x00000000   Number         0  faddsub_clz.o ABSOLUTE
    ../fplib/fcmpi.s                         0x00000000   Number         0  fcmpi.o ABSOLUTE
    ../fplib/fdiv.s                          0x00000000   Number         0  fdiv.o ABSOLUTE
    ../fplib/fflt.s                          0x00000000   Number         0  fflt_clz.o ABSOLUTE
    ../fplib/fleqf.s                         0x00000000   Number         0  fleqf.o ABSOLUTE
    ../fplib/fmul.s                          0x00000000   Number         0  fmul.o ABSOLUTE
    ../fplib/fnaninf.s                       0x00000000   Number         0  fnaninf.o ABSOLUTE
    ../fplib/fpinit.s                        0x00000000   Number         0  fpinit.o ABSOLUTE
    ../fplib/fretinf.s                       0x00000000   Number         0  fretinf.o ABSOLUTE
    ../fplib/frleqf.s                        0x00000000   Number         0  frleqf.o ABSOLUTE
    ../fplib/usenofp.s                       0x00000000   Number         0  usenofp.o ABSOLUTE
    Libraries\STM32F10x_StdPeriph_Driver\src\misc.c 0x00000000   Number         0  misc.o ABSOLUTE
    Libraries\STM32F10x_StdPeriph_Driver\src\stm32f10x_adc.c 0x00000000   Number         0  stm32f10x_adc.o ABSOLUTE
    Libraries\STM32F10x_StdPeriph_Driver\src\stm32f10x_bkp.c 0x00000000   Number         0  stm32f10x_bkp.o ABSOLUTE
    Libraries\STM32F10x_StdPeriph_Driver\src\stm32f10x_can.c 0x00000000   Number         0  stm32f10x_can.o ABSOLUTE
    Libraries\STM32F10x_StdPeriph_Driver\src\stm32f10x_cec.c 0x00000000   Number         0  stm32f10x_cec.o ABSOLUTE
    Libraries\STM32F10x_StdPeriph_Driver\src\stm32f10x_crc.c 0x00000000   Number         0  stm32f10x_crc.o ABSOLUTE
    Libraries\STM32F10x_StdPeriph_Driver\src\stm32f10x_dac.c 0x00000000   Number         0  stm32f10x_dac.o ABSOLUTE
    Libraries\STM32F10x_StdPeriph_Driver\src\stm32f10x_dbgmcu.c 0x00000000   Number         0  stm32f10x_dbgmcu.o ABSOLUTE
    Libraries\STM32F10x_StdPeriph_Driver\src\stm32f10x_dma.c 0x00000000   Number         0  stm32f10x_dma.o ABSOLUTE
    Libraries\STM32F10x_StdPeriph_Driver\src\stm32f10x_exti.c 0x00000000   Number         0  stm32f10x_exti.o ABSOLUTE
    Libraries\STM32F10x_StdPeriph_Driver\src\stm32f10x_flash.c 0x00000000   Number         0  stm32f10x_flash.o ABSOLUTE
    Libraries\STM32F10x_StdPeriph_Driver\src\stm32f10x_fsmc.c 0x00000000   Number         0  stm32f10x_fsmc.o ABSOLUTE
    Libraries\STM32F10x_StdPeriph_Driver\src\stm32f10x_gpio.c 0x00000000   Number         0  stm32f10x_gpio.o ABSOLUTE
    Libraries\STM32F10x_StdPeriph_Driver\src\stm32f10x_i2c.c 0x00000000   Number         0  stm32f10x_i2c.o ABSOLUTE
    Libraries\STM32F10x_StdPeriph_Driver\src\stm32f10x_iwdg.c 0x00000000   Number         0  stm32f10x_iwdg.o ABSOLUTE
    Libraries\STM32F10x_StdPeriph_Driver\src\stm32f10x_pwr.c 0x00000000   Number         0  stm32f10x_pwr.o ABSOLUTE
    Libraries\STM32F10x_StdPeriph_Driver\src\stm32f10x_rcc.c 0x00000000   Number         0  stm32f10x_rcc.o ABSOLUTE
    Libraries\STM32F10x_StdPeriph_Driver\src\stm32f10x_rtc.c 0x00000000   Number         0  stm32f10x_rtc.o ABSOLUTE
    Libraries\STM32F10x_StdPeriph_Driver\src\stm32f10x_sdio.c 0x00000000   Number         0  stm32f10x_sdio.o ABSOLUTE
    Libraries\STM32F10x_StdPeriph_Driver\src\stm32f10x_spi.c 0x00000000   Number         0  stm32f10x_spi.o ABSOLUTE
    Libraries\STM32F10x_StdPeriph_Driver\src\stm32f10x_tim.c 0x00000000   Number         0  stm32f10x_tim.o ABSOLUTE
    Libraries\STM32F10x_StdPeriph_Driver\src\stm32f10x_usart.c 0x00000000   Number         0  stm32f10x_usart.o ABSOLUTE
    Libraries\STM32F10x_StdPeriph_Driver\src\stm32f10x_wwdg.c 0x00000000   Number         0  stm32f10x_wwdg.o ABSOLUTE
    dc.s                                     0x00000000   Number         0  dc.o ABSOLUTE
    main.c                                   0x00000000   Number         0  main.o ABSOLUTE
    startup_stm32f10x_md.s                   0x00000000   Number         0  startup_stm32f10x_md.o ABSOLUTE
    stm32f10x_it.c                           0x00000000   Number         0  stm32f10x_it.o ABSOLUTE
    system_stm32f10x.c                       0x00000000   Number         0  system_stm32f10x.o ABSOLUTE
    RESET                                    0x08000000   Section      236  startup_stm32f10x_md.o(RESET)
    !!!main                                  0x080000ec   Section        8  __main.o(!!!main)
    !!!scatter                               0x080000f4   Section       52  __scatter.o(!!!scatter)
    !!handler_copy                           0x08000128   Section       26  __scatter_copy.o(!!handler_copy)
    !!handler_zi                             0x08000144   Section       28  __scatter_zi.o(!!handler_zi)
    .ARM.Collect$$_printf_percent$$00000000  0x08000160   Section        0  _printf_percent.o(.ARM.Collect$$_printf_percent$$00000000)
    .ARM.Collect$$_printf_percent$$00000009  0x08000160   Section        6  _printf_d.o(.ARM.Collect$$_printf_percent$$00000009)
    .ARM.Collect$$_printf_percent$$00000017  0x08000166   Section        4  _printf_percent_end.o(.ARM.Collect$$_printf_percent$$00000017)
    .ARM.Collect$$libinit$$00000000          0x0800016a   Section        2  libinit.o(.ARM.Collect$$libinit$$00000000)
    .ARM.Collect$$libinit$$00000002          0x0800016c   Section        0  libinit2.o(.ARM.Collect$$libinit$$00000002)
    .ARM.Collect$$libinit$$00000008          0x0800016c   Section        0  libinit2.o(.ARM.Collect$$libinit$$00000008)
    .ARM.Collect$$libinit$$0000000A          0x0800016c   Section        0  libinit2.o(.ARM.Collect$$libinit$$0000000A)
    .ARM.Collect$$libinit$$0000000C          0x0800016c   Section        0  libinit2.o(.ARM.Collect$$libinit$$0000000C)
    .ARM.Collect$$libinit$$0000000F          0x0800016c   Section        0  libinit2.o(.ARM.Collect$$libinit$$0000000F)
    .ARM.Collect$$libinit$$00000011          0x0800016c   Section        0  libinit2.o(.ARM.Collect$$libinit$$00000011)
    .ARM.Collect$$libinit$$00000013          0x0800016c   Section        0  libinit2.o(.ARM.Collect$$libinit$$00000013)
    .ARM.Collect$$libinit$$00000015          0x0800016c   Section        0  libinit2.o(.ARM.Collect$$libinit$$00000015)
    .ARM.Collect$$libinit$$00000017          0x0800016c   Section        0  libinit2.o(.ARM.Collect$$libinit$$00000017)
    .ARM.Collect$$libinit$$00000019          0x0800016c   Section        0  libinit2.o(.ARM.Collect$$libinit$$00000019)
    .ARM.Collect$$libinit$$0000001B          0x0800016c   Section        0  libinit2.o(.ARM.Collect$$libinit$$0000001B)
    .ARM.Collect$$libinit$$0000001D          0x0800016c   Section        0  libinit2.o(.ARM.Collect$$libinit$$0000001D)
    .ARM.Collect$$libinit$$0000001F          0x0800016c   Section        0  libinit2.o(.ARM.Collect$$libinit$$0000001F)
    .ARM.Collect$$libinit$$00000021          0x0800016c   Section        0  libinit2.o(.ARM.Collect$$libinit$$00000021)
    .ARM.Collect$$libinit$$00000023          0x0800016c   Section        0  libinit2.o(.ARM.Collect$$libinit$$00000023)
    .ARM.Collect$$libinit$$0000002A          0x0800016c   Section        0  libinit2.o(.ARM.Collect$$libinit$$0000002A)
    .ARM.Collect$$libinit$$0000002C          0x0800016c   Section        0  libinit2.o(.ARM.Collect$$libinit$$0000002C)
    .ARM.Collect$$libinit$$0000002E          0x0800016c   Section        0  libinit2.o(.ARM.Collect$$libinit$$0000002E)
    .ARM.Collect$$libinit$$00000030          0x0800016c   Section        0  libinit2.o(.ARM.Collect$$libinit$$00000030)
    .ARM.Collect$$libinit$$00000031          0x0800016c   Section        2  libinit2.o(.ARM.Collect$$libinit$$00000031)
    .ARM.Collect$$libshutdown$$00000000      0x0800016e   Section        2  libshutdown.o(.ARM.Collect$$libshutdown$$00000000)
    .ARM.Collect$$libshutdown$$00000003      0x08000170   Section        0  libshutdown2.o(.ARM.Collect$$libshutdown$$00000003)
    .ARM.Collect$$libshutdown$$00000006      0x08000170   Section        0  libshutdown2.o(.ARM.Collect$$libshutdown$$00000006)
    .ARM.Collect$$libshutdown$$00000009      0x08000170   Section        0  libshutdown2.o(.ARM.Collect$$libshutdown$$00000009)
    .ARM.Collect$$libshutdown$$0000000B      0x08000170   Section        0  libshutdown2.o(.ARM.Collect$$libshutdown$$0000000B)
    .ARM.Collect$$libshutdown$$0000000E      0x08000170   Section        0  libshutdown2.o(.ARM.Collect$$libshutdown$$0000000E)
    .ARM.Collect$$libshutdown$$0000000F      0x08000170   Section        2  libshutdown2.o(.ARM.Collect$$libshutdown$$0000000F)
    .ARM.Collect$$rtentry$$00000000          0x08000172   Section        0  rtentry.o(.ARM.Collect$$rtentry$$00000000)
    .ARM.Collect$$rtentry$$00000002          0x08000172   Section        0  rtentry2.o(.ARM.Collect$$rtentry$$00000002)
    .ARM.Collect$$rtentry$$00000004          0x08000172   Section        6  rtentry4.o(.ARM.Collect$$rtentry$$00000004)
    .ARM.Collect$$rtentry$$00000009          0x08000178   Section        0  rtentry2.o(.ARM.Collect$$rtentry$$00000009)
    .ARM.Collect$$rtentry$$0000000A          0x08000178   Section        4  rtentry2.o(.ARM.Collect$$rtentry$$0000000A)
    .ARM.Collect$$rtentry$$0000000C          0x0800017c   Section        0  rtentry2.o(.ARM.Collect$$rtentry$$0000000C)
    .ARM.Collect$$rtentry$$0000000D          0x0800017c   Section        8  rtentry2.o(.ARM.Collect$$rtentry$$0000000D)
    .ARM.Collect$$rtexit$$00000000           0x08000184   Section        2  rtexit.o(.ARM.Collect$$rtexit$$00000000)
    .ARM.Collect$$rtexit$$00000002           0x08000186   Section        0  rtexit2.o(.ARM.Collect$$rtexit$$00000002)
    .ARM.Collect$$rtexit$$00000003           0x08000186   Section        4  rtexit2.o(.ARM.Collect$$rtexit$$00000003)
    .ARM.Collect$$rtexit$$00000004           0x0800018a   Section        6  rtexit2.o(.ARM.Collect$$rtexit$$00000004)
    .text                                    0x08000190   Section       64  startup_stm32f10x_md.o(.text)
    .text                                    0x080001d0   Section        0  stm32f10x_it.o(.text)
    .text                                    0x08000408   Section        0  system_stm32f10x.o(.text)
    SetSysClockTo72                          0x08000409   Thumb Code   212  system_stm32f10x.o(.text)
    SetSysClock                              0x080004dd   Thumb Code     8  system_stm32f10x.o(.text)
    .text                                    0x080005e4   Section        0  main.o(.text)
    .text                                    0x080009d0   Section        0  misc.o(.text)
    .text                                    0x08000aac   Section        0  stm32f10x_adc.o(.text)
    .text                                    0x08000efc   Section        0  stm32f10x_gpio.o(.text)
    .text                                    0x08001254   Section        0  stm32f10x_i2c.o(.text)
    .text                                    0x08001658   Section        0  stm32f10x_rcc.o(.text)
    .text                                    0x080019fc   Section        0  stm32f10x_tim.o(.text)
    TI4_Config                               0x08001ea3   Thumb Code   130  stm32f10x_tim.o(.text)
    TI3_Config                               0x08001f37   Thumb Code   122  stm32f10x_tim.o(.text)
    TI2_Config                               0x08001fcb   Thumb Code   130  stm32f10x_tim.o(.text)
    TI1_Config                               0x0800205f   Thumb Code   108  stm32f10x_tim.o(.text)
    .text                                    0x08002818   Section        0  stm32f10x_usart.o(.text)
    .text                                    0x08002c20   Section        0  noretval__2sprintf.o(.text)
    .text                                    0x08002c48   Section        0  __printf.o(.text)
    .text                                    0x08002cb0   Section        0  _printf_dec.o(.text)
    .text                                    0x08002d28   Section        0  heapauxi.o(.text)
    .text                                    0x08002d2e   Section        0  _printf_intcommon.o(.text)
    .text                                    0x08002de8   Section        0  _printf_char_common.o(.text)
    _printf_input_char                       0x08002de9   Thumb Code    10  _printf_char_common.o(.text)
    .text                                    0x08002e18   Section        0  _sputc.o(.text)
    .text                                    0x08002e22   Section       74  sys_stackheap_outer.o(.text)
    .text                                    0x08002e6c   Section        0  exit.o(.text)
    .text                                    0x08002e78   Section        8  libspace.o(.text)
    .text                                    0x08002e80   Section        0  sys_exit.o(.text)
    .text                                    0x08002e8c   Section        2  use_no_semi.o(.text)
    .text                                    0x08002e8e   Section        0  indicate_semi.o(.text)
    x$fpl$d2f                                0x08002e90   Section       98  d2f.o(x$fpl$d2f)
    x$fpl$dadd                               0x08002ef4   Section      336  daddsub_clz.o(x$fpl$dadd)
    _dadd1                                   0x08002f05   Thumb Code     0  daddsub_clz.o(x$fpl$dadd)
    x$fpl$dcmpinf                            0x08003044   Section       24  dcmpi.o(x$fpl$dcmpinf)
    x$fpl$dleqf                              0x0800305c   Section      120  dleqf.o(x$fpl$dleqf)
    x$fpl$dnaninf                            0x080030d4   Section      156  dnaninf.o(x$fpl$dnaninf)
    x$fpl$dretinf                            0x08003170   Section       12  dretinf.o(x$fpl$dretinf)
    x$fpl$drleqf                             0x0800317c   Section      108  drleqf.o(x$fpl$drleqf)
    x$fpl$dsub                               0x080031e8   Section      468  daddsub_clz.o(x$fpl$dsub)
    _dsub1                                   0x080031f9   Thumb Code     0  daddsub_clz.o(x$fpl$dsub)
    x$fpl$f2d                                0x080033bc   Section       86  f2d.o(x$fpl$f2d)
    x$fpl$fadd                               0x08003414   Section      196  faddsub_clz.o(x$fpl$fadd)
    _fadd1                                   0x08003423   Thumb Code     0  faddsub_clz.o(x$fpl$fadd)
    x$fpl$fcmpinf                            0x080034d8   Section       24  fcmpi.o(x$fpl$fcmpinf)
    x$fpl$fdiv                               0x080034f0   Section      388  fdiv.o(x$fpl$fdiv)
    _fdiv1                                   0x080034f1   Thumb Code     0  fdiv.o(x$fpl$fdiv)
    x$fpl$ffltu                              0x08003674   Section       38  fflt_clz.o(x$fpl$ffltu)
    x$fpl$fleqf                              0x0800369c   Section      104  fleqf.o(x$fpl$fleqf)
    x$fpl$fmul                               0x08003704   Section      258  fmul.o(x$fpl$fmul)
    x$fpl$fnaninf                            0x08003806   Section      140  fnaninf.o(x$fpl$fnaninf)
    x$fpl$fretinf                            0x08003892   Section       10  fretinf.o(x$fpl$fretinf)
    x$fpl$frleqf                             0x0800389c   Section       98  frleqf.o(x$fpl$frleqf)
    x$fpl$fsub                               0x08003900   Section      234  faddsub_clz.o(x$fpl$fsub)
    _fsub1                                   0x0800390f   Thumb Code     0  faddsub_clz.o(x$fpl$fsub)
    x$fpl$usenofp                            0x080039ea   Section        0  usenofp.o(x$fpl$usenofp)
    .data                                    0x20000000   Section       12  stm32f10x_it.o(.data)
    .data                                    0x2000000c   Section       20  system_stm32f10x.o(.data)
    .data                                    0x20000020   Section       36  main.o(.data)
    .data                                    0x20000044   Section       20  stm32f10x_rcc.o(.data)
    APBAHBPrescTable                         0x20000044   Data          16  stm32f10x_rcc.o(.data)
    ADCPrescTable                            0x20000054   Data           4  stm32f10x_rcc.o(.data)
    .bss                                     0x20000058   Section      140  main.o(.bss)
    .bss                                     0x200000e4   Section       96  libspace.o(.bss)
    HEAP                                     0x20000148   Section      512  startup_stm32f10x_md.o(HEAP)
    Heap_Mem                                 0x20000148   Data         512  startup_stm32f10x_md.o(HEAP)
    STACK                                    0x20000348   Section     1024  startup_stm32f10x_md.o(STACK)
    Stack_Mem                                0x20000348   Data        1024  startup_stm32f10x_md.o(STACK)
    __initial_sp                             0x20000748   Data           0  startup_stm32f10x_md.o(STACK)

    Global Symbols

    Symbol Name                              Value     Ov Type        Size  Object(Section)

    BuildAttributes$$THM_ISAv4$P$D$K$B$S$PE$A:L22UL41UL21$X:L11$S22US41US21$IEEE1$IW$USESV6$~STKCKD$USESV7$~SHL$OSPACE$ROPI$EBA8$UX$STANDARDLIB$REQ8$PRES8$EABIv2 0x00000000   Number         0  anon$$obj.o ABSOLUTE
    __ARM_use_no_argv                        0x00000000   Number         0  main.o ABSOLUTE
    __ARM_exceptions_init                     - Undefined Weak Reference
    __alloca_initialize                       - Undefined Weak Reference
    __cpp_initialize__aeabi_                  - Undefined Weak Reference
    __cxa_finalize                            - Undefined Weak Reference
    __rt_locale                               - Undefined Weak Reference
    __sigvec_lookup                           - Undefined Weak Reference
    _atexit_init                              - Undefined Weak Reference
    _call_atexit_fns                          - Undefined Weak Reference
    _clock_init                               - Undefined Weak Reference
    _fp_trap_init                             - Undefined Weak Reference
    _fp_trap_shutdown                         - Undefined Weak Reference
    _get_lc_collate                           - Undefined Weak Reference
    _get_lc_ctype                             - Undefined Weak Reference
    _get_lc_monetary                          - Undefined Weak Reference
    _get_lc_numeric                           - Undefined Weak Reference
    _get_lc_time                              - Undefined Weak Reference
    _getenv_init                              - Undefined Weak Reference
    _handle_redirection                       - Undefined Weak Reference
    _init_alloc                               - Undefined Weak Reference
    _init_user_alloc                          - Undefined Weak Reference
    _initio                                   - Undefined Weak Reference
    _printf_post_padding                      - Undefined Weak Reference
    _printf_pre_padding                       - Undefined Weak Reference
    _printf_truncate_signed                   - Undefined Weak Reference
    _printf_truncate_unsigned                 - Undefined Weak Reference
    _rand_init                                - Undefined Weak Reference
    _signal_finish                            - Undefined Weak Reference
    _signal_init                              - Undefined Weak Reference
    _terminate_alloc                          - Undefined Weak Reference
    _terminate_user_alloc                     - Undefined Weak Reference
    _terminateio                              - Undefined Weak Reference
    __Vectors_Size                           0x000000ec   Number         0  startup_stm32f10x_md.o ABSOLUTE
    __Vectors                                0x08000000   Data           4  startup_stm32f10x_md.o(RESET)
    __Vectors_End                            0x080000ec   Data           0  startup_stm32f10x_md.o(RESET)
    __main                                   0x080000ed   Thumb Code     8  __main.o(!!!main)
    __scatterload                            0x080000f5   Thumb Code     0  __scatter.o(!!!scatter)
    __scatterload_rt2                        0x080000f5   Thumb Code    44  __scatter.o(!!!scatter)
    __scatterload_rt2_thumb_only             0x080000f5   Thumb Code     0  __scatter.o(!!!scatter)
    __scatterload_null                       0x08000103   Thumb Code     0  __scatter.o(!!!scatter)
    __scatterload_copy                       0x08000129   Thumb Code    26  __scatter_copy.o(!!handler_copy)
    __scatterload_zeroinit                   0x08000145   Thumb Code    28  __scatter_zi.o(!!handler_zi)
    _printf_d                                0x08000161   Thumb Code     0  _printf_d.o(.ARM.Collect$$_printf_percent$$00000009)
    _printf_percent                          0x08000161   Thumb Code     0  _printf_percent.o(.ARM.Collect$$_printf_percent$$00000000)
    _printf_percent_end                      0x08000167   Thumb Code     0  _printf_percent_end.o(.ARM.Collect$$_printf_percent$$00000017)
    __rt_lib_init                            0x0800016b   Thumb Code     0  libinit.o(.ARM.Collect$$libinit$$00000000)
    __rt_lib_init_alloca_1                   0x0800016d   Thumb Code     0  libinit2.o(.ARM.Collect$$libinit$$0000002C)
    __rt_lib_init_argv_1                     0x0800016d   Thumb Code     0  libinit2.o(.ARM.Collect$$libinit$$0000002A)
    __rt_lib_init_atexit_1                   0x0800016d   Thumb Code     0  libinit2.o(.ARM.Collect$$libinit$$00000019)
    __rt_lib_init_clock_1                    0x0800016d   Thumb Code     0  libinit2.o(.ARM.Collect$$libinit$$0000001F)
    __rt_lib_init_cpp_1                      0x0800016d   Thumb Code     0  libinit2.o(.ARM.Collect$$libinit$$00000030)
    __rt_lib_init_exceptions_1               0x0800016d   Thumb Code     0  libinit2.o(.ARM.Collect$$libinit$$0000002E)
    __rt_lib_init_fp_1                       0x0800016d   Thumb Code     0  libinit2.o(.ARM.Collect$$libinit$$00000002)
    __rt_lib_init_fp_trap_1                  0x0800016d   Thumb Code     0  libinit2.o(.ARM.Collect$$libinit$$0000001D)
    __rt_lib_init_getenv_1                   0x0800016d   Thumb Code     0  libinit2.o(.ARM.Collect$$libinit$$00000021)
    __rt_lib_init_heap_1                     0x0800016d   Thumb Code     0  libinit2.o(.ARM.Collect$$libinit$$00000008)
    __rt_lib_init_lc_collate_1               0x0800016d   Thumb Code     0  libinit2.o(.ARM.Collect$$libinit$$0000000F)
    __rt_lib_init_lc_ctype_1                 0x0800016d   Thumb Code     0  libinit2.o(.ARM.Collect$$libinit$$00000011)
    __rt_lib_init_lc_monetary_1              0x0800016d   Thumb Code     0  libinit2.o(.ARM.Collect$$libinit$$00000013)
    __rt_lib_init_lc_numeric_1               0x0800016d   Thumb Code     0  libinit2.o(.ARM.Collect$$libinit$$00000015)
    __rt_lib_init_lc_time_1                  0x0800016d   Thumb Code     0  libinit2.o(.ARM.Collect$$libinit$$00000017)
    __rt_lib_init_rand_1                     0x0800016d   Thumb Code     0  libinit2.o(.ARM.Collect$$libinit$$0000000C)
    __rt_lib_init_return                     0x0800016d   Thumb Code     0  libinit2.o(.ARM.Collect$$libinit$$00000031)
    __rt_lib_init_signal_1                   0x0800016d   Thumb Code     0  libinit2.o(.ARM.Collect$$libinit$$0000001B)
    __rt_lib_init_stdio_1                    0x0800016d   Thumb Code     0  libinit2.o(.ARM.Collect$$libinit$$00000023)
    __rt_lib_init_user_alloc_1               0x0800016d   Thumb Code     0  libinit2.o(.ARM.Collect$$libinit$$0000000A)
    __rt_lib_shutdown                        0x0800016f   Thumb Code     0  libshutdown.o(.ARM.Collect$$libshutdown$$00000000)
    __rt_lib_shutdown_fp_trap_1              0x08000171   Thumb Code     0  libshutdown2.o(.ARM.Collect$$libshutdown$$00000006)
    __rt_lib_shutdown_heap_1                 0x08000171   Thumb Code     0  libshutdown2.o(.ARM.Collect$$libshutdown$$0000000E)
    __rt_lib_shutdown_return                 0x08000171   Thumb Code     0  libshutdown2.o(.ARM.Collect$$libshutdown$$0000000F)
    __rt_lib_shutdown_signal_1               0x08000171   Thumb Code     0  libshutdown2.o(.ARM.Collect$$libshutdown$$00000009)
    __rt_lib_shutdown_stdio_1                0x08000171   Thumb Code     0  libshutdown2.o(.ARM.Collect$$libshutdown$$00000003)
    __rt_lib_shutdown_user_alloc_1           0x08000171   Thumb Code     0  libshutdown2.o(.ARM.Collect$$libshutdown$$0000000B)
    __rt_entry                               0x08000173   Thumb Code     0  rtentry.o(.ARM.Collect$$rtentry$$00000000)
    __rt_entry_presh_1                       0x08000173   Thumb Code     0  rtentry2.o(.ARM.Collect$$rtentry$$00000002)
    __rt_entry_sh                            0x08000173   Thumb Code     0  rtentry4.o(.ARM.Collect$$rtentry$$00000004)
    __rt_entry_li                            0x08000179   Thumb Code     0  rtentry2.o(.ARM.Collect$$rtentry$$0000000A)
    __rt_entry_postsh_1                      0x08000179   Thumb Code     0  rtentry2.o(.ARM.Collect$$rtentry$$00000009)
    __rt_entry_main                          0x0800017d   Thumb Code     0  rtentry2.o(.ARM.Collect$$rtentry$$0000000D)
    __rt_entry_postli_1                      0x0800017d   Thumb Code     0  rtentry2.o(.ARM.Collect$$rtentry$$0000000C)
    __rt_exit                                0x08000185   Thumb Code     0  rtexit.o(.ARM.Collect$$rtexit$$00000000)
    __rt_exit_ls                             0x08000187   Thumb Code     0  rtexit2.o(.ARM.Collect$$rtexit$$00000003)
    __rt_exit_prels_1                        0x08000187   Thumb Code     0  rtexit2.o(.ARM.Collect$$rtexit$$00000002)
    __rt_exit_exit                           0x0800018b   Thumb Code     0  rtexit2.o(.ARM.Collect$$rtexit$$00000004)
    Reset_Handler                            0x08000191   Thumb Code     8  startup_stm32f10x_md.o(.text)
    ADC1_2_IRQHandler                        0x080001ab   Thumb Code     0  startup_stm32f10x_md.o(.text)
    CAN1_RX1_IRQHandler                      0x080001ab   Thumb Code     0  startup_stm32f10x_md.o(.text)
    CAN1_SCE_IRQHandler                      0x080001ab   Thumb Code     0  startup_stm32f10x_md.o(.text)
    DMA1_Channel1_IRQHandler                 0x080001ab   Thumb Code     0  startup_stm32f10x_md.o(.text)
    DMA1_Channel2_IRQHandler                 0x080001ab   Thumb Code     0  startup_stm32f10x_md.o(.text)
    DMA1_Channel3_IRQHandler                 0x080001ab   Thumb Code     0  startup_stm32f10x_md.o(.text)
    DMA1_Channel4_IRQHandler                 0x080001ab   Thumb Code     0  startup_stm32f10x_md.o(.text)
    DMA1_Channel5_IRQHandler                 0x080001ab   Thumb Code     0  startup_stm32f10x_md.o(.text)
    DMA1_Channel6_IRQHandler                 0x080001ab   Thumb Code     0  startup_stm32f10x_md.o(.text)
    DMA1_Channel7_IRQHandler                 0x080001ab   Thumb Code     0  startup_stm32f10x_md.o(.text)
    EXTI0_IRQHandler                         0x080001ab   Thumb Code     0  startup_stm32f10x_md.o(.text)
    EXTI15_10_IRQHandler                     0x080001ab   Thumb Code     0  startup_stm32f10x_md.o(.text)
    EXTI1_IRQHandler                         0x080001ab   Thumb Code     0  startup_stm32f10x_md.o(.text)
    EXTI2_IRQHandler                         0x080001ab   Thumb Code     0  startup_stm32f10x_md.o(.text)
    EXTI3_IRQHandler                         0x080001ab   Thumb Code     0  startup_stm32f10x_md.o(.text)
    EXTI4_IRQHandler                         0x080001ab   Thumb Code     0  startup_stm32f10x_md.o(.text)
    EXTI9_5_IRQHandler                       0x080001ab   Thumb Code     0  startup_stm32f10x_md.o(.text)
    FLASH_IRQHandler                         0x080001ab   Thumb Code     0  startup_stm32f10x_md.o(.text)
    I2C1_ER_IRQHandler                       0x080001ab   Thumb Code     0  startup_stm32f10x_md.o(.text)
    I2C1_EV_IRQHandler                       0x080001ab   Thumb Code     0  startup_stm32f10x_md.o(.text)
    I2C2_ER_IRQHandler                       0x080001ab   Thumb Code     0  startup_stm32f10x_md.o(.text)
    I2C2_EV_IRQHandler                       0x080001ab   Thumb Code     0  startup_stm32f10x_md.o(.text)
    PVD_IRQHandler                           0x080001ab   Thumb Code     0  startup_stm32f10x_md.o(.text)
    RCC_IRQHandler                           0x080001ab   Thumb Code     0  startup_stm32f10x_md.o(.text)
    RTCAlarm_IRQHandler                      0x080001ab   Thumb Code     0  startup_stm32f10x_md.o(.text)
    RTC_IRQHandler                           0x080001ab   Thumb Code     0  startup_stm32f10x_md.o(.text)
    SPI1_IRQHandler                          0x080001ab   Thumb Code     0  startup_stm32f10x_md.o(.text)
    SPI2_IRQHandler                          0x080001ab   Thumb Code     0  startup_stm32f10x_md.o(.text)
    TAMPER_IRQHandler                        0x080001ab   Thumb Code     0  startup_stm32f10x_md.o(.text)
    TIM1_BRK_IRQHandler                      0x080001ab   Thumb Code     0  startup_stm32f10x_md.o(.text)
    TIM1_CC_IRQHandler                       0x080001ab   Thumb Code     0  startup_stm32f10x_md.o(.text)
    TIM1_TRG_COM_IRQHandler                  0x080001ab   Thumb Code     0  startup_stm32f10x_md.o(.text)
    TIM1_UP_IRQHandler                       0x080001ab   Thumb Code     0  startup_stm32f10x_md.o(.text)
    TIM2_IRQHandler                          0x080001ab   Thumb Code     0  startup_stm32f10x_md.o(.text)
    TIM4_IRQHandler                          0x080001ab   Thumb Code     0  startup_stm32f10x_md.o(.text)
    USART1_IRQHandler                        0x080001ab   Thumb Code     0  startup_stm32f10x_md.o(.text)
    USART2_IRQHandler                        0x080001ab   Thumb Code     0  startup_stm32f10x_md.o(.text)
    USART3_IRQHandler                        0x080001ab   Thumb Code     0  startup_stm32f10x_md.o(.text)
    USBWakeUp_IRQHandler                     0x080001ab   Thumb Code     0  startup_stm32f10x_md.o(.text)
    USB_HP_CAN1_TX_IRQHandler                0x080001ab   Thumb Code     0  startup_stm32f10x_md.o(.text)
    USB_LP_CAN1_RX0_IRQHandler               0x080001ab   Thumb Code     0  startup_stm32f10x_md.o(.text)
    WWDG_IRQHandler                          0x080001ab   Thumb Code     0  startup_stm32f10x_md.o(.text)
    __user_initial_stackheap                 0x080001ad   Thumb Code     0  startup_stm32f10x_md.o(.text)
    NMI_Handler                              0x080001d1   Thumb Code     2  stm32f10x_it.o(.text)
    HardFault_Handler                        0x080001d3   Thumb Code     4  stm32f10x_it.o(.text)
    MemManage_Handler                        0x080001d7   Thumb Code     4  stm32f10x_it.o(.text)
    BusFault_Handler                         0x080001db   Thumb Code     4  stm32f10x_it.o(.text)
    UsageFault_Handler                       0x080001df   Thumb Code     4  stm32f10x_it.o(.text)
    SVC_Handler                              0x080001e3   Thumb Code     2  stm32f10x_it.o(.text)
    DebugMon_Handler                         0x080001e5   Thumb Code     2  stm32f10x_it.o(.text)
    PendSV_Handler                           0x080001e7   Thumb Code     2  stm32f10x_it.o(.text)
    SysTick_Handler                          0x080001e9   Thumb Code     2  stm32f10x_it.o(.text)
    UART_Transmit                            0x080001eb   Thumb Code    36  stm32f10x_it.o(.text)
    TIM3_IRQHandler                          0x0800020f   Thumb Code   438  stm32f10x_it.o(.text)
    SystemInit                               0x080004e5   Thumb Code    78  system_stm32f10x.o(.text)
    SystemCoreClockUpdate                    0x08000533   Thumb Code   142  system_stm32f10x.o(.text)
    configureI2C                             0x080005e5   Thumb Code    48  main.o(.text)
    configureUART1                           0x08000615   Thumb Code    40  main.o(.text)
    configureADC1                            0x0800063d   Thumb Code    98  main.o(.text)
    configureTIM3                            0x0800069f   Thumb Code    72  main.o(.text)
    configureNVIC                            0x080006e7   Thumb Code    26  main.o(.text)
    configureGPIO                            0x08000701   Thumb Code   208  main.o(.text)
    main                                     0x080007d1   Thumb Code   290  main.o(.text)
    read_sensor                              0x080008f3   Thumb Code   134  main.o(.text)
    NVIC_PriorityGroupConfig                 0x080009d1   Thumb Code    10  misc.o(.text)
    NVIC_Init                                0x080009db   Thumb Code   102  misc.o(.text)
    NVIC_SetVectorTable                      0x08000a41   Thumb Code    14  misc.o(.text)
    NVIC_SystemLPConfig                      0x08000a4f   Thumb Code    34  misc.o(.text)
    SysTick_CLKSourceConfig                  0x08000a71   Thumb Code    40  misc.o(.text)
    ADC_DeInit                               0x08000aad   Thumb Code    78  stm32f10x_adc.o(.text)
    ADC_Init                                 0x08000afb   Thumb Code    70  stm32f10x_adc.o(.text)
    ADC_StructInit                           0x08000b41   Thumb Code    18  stm32f10x_adc.o(.text)
    ADC_Cmd                                  0x08000b53   Thumb Code    22  stm32f10x_adc.o(.text)
    ADC_DMACmd                               0x08000b69   Thumb Code    22  stm32f10x_adc.o(.text)
    ADC_ITConfig                             0x08000b7f   Thumb Code    24  stm32f10x_adc.o(.text)
    ADC_ResetCalibration                     0x08000b97   Thumb Code    10  stm32f10x_adc.o(.text)
    ADC_GetResetCalibrationStatus            0x08000ba1   Thumb Code    20  stm32f10x_adc.o(.text)
    ADC_StartCalibration                     0x08000bb5   Thumb Code    10  stm32f10x_adc.o(.text)
    ADC_GetCalibrationStatus                 0x08000bbf   Thumb Code    20  stm32f10x_adc.o(.text)
    ADC_SoftwareStartConvCmd                 0x08000bd3   Thumb Code    22  stm32f10x_adc.o(.text)
    ADC_GetSoftwareStartConvStatus           0x08000be9   Thumb Code    20  stm32f10x_adc.o(.text)
    ADC_DiscModeChannelCountConfig           0x08000bfd   Thumb Code    24  stm32f10x_adc.o(.text)
    ADC_DiscModeCmd                          0x08000c15   Thumb Code    22  stm32f10x_adc.o(.text)
    ADC_RegularChannelConfig                 0x08000c2b   Thumb Code   184  stm32f10x_adc.o(.text)
    ADC_ExternalTrigConvCmd                  0x08000ce3   Thumb Code    22  stm32f10x_adc.o(.text)
    ADC_GetConversionValue                   0x08000cf9   Thumb Code     8  stm32f10x_adc.o(.text)
    ADC_GetDualModeConversionValue           0x08000d01   Thumb Code     8  stm32f10x_adc.o(.text)
    ADC_AutoInjectedConvCmd                  0x08000d09   Thumb Code    22  stm32f10x_adc.o(.text)
    ADC_InjectedDiscModeCmd                  0x08000d1f   Thumb Code    22  stm32f10x_adc.o(.text)
    ADC_ExternalTrigInjectedConvConfig       0x08000d35   Thumb Code    16  stm32f10x_adc.o(.text)
    ADC_ExternalTrigInjectedConvCmd          0x08000d45   Thumb Code    22  stm32f10x_adc.o(.text)
    ADC_SoftwareStartInjectedConvCmd         0x08000d5b   Thumb Code    22  stm32f10x_adc.o(.text)
    ADC_GetSoftwareStartInjectedConvCmdStatus 0x08000d71   Thumb Code    20  stm32f10x_adc.o(.text)
    ADC_InjectedChannelConfig                0x08000d85   Thumb Code   130  stm32f10x_adc.o(.text)
    ADC_InjectedSequencerLengthConfig        0x08000e07   Thumb Code    24  stm32f10x_adc.o(.text)
    ADC_SetInjectedOffset                    0x08000e1f   Thumb Code    20  stm32f10x_adc.o(.text)
    ADC_GetInjectedConversionValue           0x08000e33   Thumb Code    28  stm32f10x_adc.o(.text)
    ADC_AnalogWatchdogCmd                    0x08000e4f   Thumb Code    16  stm32f10x_adc.o(.text)
    ADC_AnalogWatchdogThresholdsConfig       0x08000e5f   Thumb Code     6  stm32f10x_adc.o(.text)
    ADC_AnalogWatchdogSingleChannelConfig    0x08000e65   Thumb Code    16  stm32f10x_adc.o(.text)
    ADC_TempSensorVrefintCmd                 0x08000e75   Thumb Code    64  stm32f10x_adc.o(.text)
    ADC_GetFlagStatus                        0x08000eb5   Thumb Code    18  stm32f10x_adc.o(.text)
    ADC_ClearFlag                            0x08000ec7   Thumb Code     6  stm32f10x_adc.o(.text)
    ADC_GetITStatus                          0x08000ecd   Thumb Code    36  stm32f10x_adc.o(.text)
    ADC_ClearITPendingBit                    0x08000ef1   Thumb Code    10  stm32f10x_adc.o(.text)
    GPIO_DeInit                              0x08000efd   Thumb Code   172  stm32f10x_gpio.o(.text)
    GPIO_AFIODeInit                          0x08000fa9   Thumb Code    20  stm32f10x_gpio.o(.text)
    GPIO_Init                                0x08000fbd   Thumb Code   274  stm32f10x_gpio.o(.text)
    GPIO_StructInit                          0x080010cf   Thumb Code    16  stm32f10x_gpio.o(.text)
    GPIO_ReadInputDataBit                    0x080010df   Thumb Code    18  stm32f10x_gpio.o(.text)
    GPIO_ReadInputData                       0x080010f1   Thumb Code     8  stm32f10x_gpio.o(.text)
    GPIO_ReadOutputDataBit                   0x080010f9   Thumb Code    18  stm32f10x_gpio.o(.text)
    GPIO_ReadOutputData                      0x0800110b   Thumb Code     8  stm32f10x_gpio.o(.text)
    GPIO_SetBits                             0x08001113   Thumb Code     4  stm32f10x_gpio.o(.text)
    GPIO_ResetBits                           0x08001117   Thumb Code     4  stm32f10x_gpio.o(.text)
    GPIO_WriteBit                            0x0800111b   Thumb Code    10  stm32f10x_gpio.o(.text)
    GPIO_Write                               0x08001125   Thumb Code     4  stm32f10x_gpio.o(.text)
    GPIO_PinLockConfig                       0x08001129   Thumb Code    18  stm32f10x_gpio.o(.text)
    GPIO_EventOutputConfig                   0x0800113b   Thumb Code    26  stm32f10x_gpio.o(.text)
    GPIO_EventOutputCmd                      0x08001155   Thumb Code     6  stm32f10x_gpio.o(.text)
    GPIO_PinRemapConfig                      0x0800115b   Thumb Code   138  stm32f10x_gpio.o(.text)
    GPIO_EXTILineConfig                      0x080011e5   Thumb Code    66  stm32f10x_gpio.o(.text)
    GPIO_ETH_MediaInterfaceConfig            0x08001227   Thumb Code     6  stm32f10x_gpio.o(.text)
    I2C_DeInit                               0x08001255   Thumb Code    50  stm32f10x_i2c.o(.text)
    I2C_Init                                 0x08001287   Thumb Code   222  stm32f10x_i2c.o(.text)
    I2C_StructInit                           0x08001365   Thumb Code    30  stm32f10x_i2c.o(.text)
    I2C_Cmd                                  0x08001383   Thumb Code    24  stm32f10x_i2c.o(.text)
    I2C_DMACmd                               0x0800139b   Thumb Code    24  stm32f10x_i2c.o(.text)
    I2C_DMALastTransferCmd                   0x080013b3   Thumb Code    24  stm32f10x_i2c.o(.text)
    I2C_GenerateSTART                        0x080013cb   Thumb Code    24  stm32f10x_i2c.o(.text)
    I2C_GenerateSTOP                         0x080013e3   Thumb Code    24  stm32f10x_i2c.o(.text)
    I2C_AcknowledgeConfig                    0x080013fb   Thumb Code    24  stm32f10x_i2c.o(.text)
    I2C_OwnAddress2Config                    0x08001413   Thumb Code    22  stm32f10x_i2c.o(.text)
    I2C_DualAddressCmd                       0x08001429   Thumb Code    24  stm32f10x_i2c.o(.text)
    I2C_GeneralCallCmd                       0x08001441   Thumb Code    24  stm32f10x_i2c.o(.text)
    I2C_ITConfig                             0x08001459   Thumb Code    18  stm32f10x_i2c.o(.text)
    I2C_SendData                             0x0800146b   Thumb Code     4  stm32f10x_i2c.o(.text)
    I2C_ReceiveData                          0x0800146f   Thumb Code     8  stm32f10x_i2c.o(.text)
    I2C_Send7bitAddress                      0x08001477   Thumb Code    18  stm32f10x_i2c.o(.text)
    I2C_ReadRegister                         0x08001489   Thumb Code    22  stm32f10x_i2c.o(.text)
    I2C_SoftwareResetCmd                     0x0800149f   Thumb Code    22  stm32f10x_i2c.o(.text)
    I2C_NACKPositionConfig                   0x080014b5   Thumb Code    28  stm32f10x_i2c.o(.text)
    I2C_SMBusAlertConfig                     0x080014d1   Thumb Code    28  stm32f10x_i2c.o(.text)
    I2C_TransmitPEC                          0x080014ed   Thumb Code    24  stm32f10x_i2c.o(.text)
    I2C_PECPositionConfig                    0x08001505   Thumb Code    28  stm32f10x_i2c.o(.text)
    I2C_CalculatePEC                         0x08001521   Thumb Code    24  stm32f10x_i2c.o(.text)
    I2C_GetPEC                               0x08001539   Thumb Code     8  stm32f10x_i2c.o(.text)
    I2C_ARPCmd                               0x08001541   Thumb Code    24  stm32f10x_i2c.o(.text)
    I2C_StretchClockCmd                      0x08001559   Thumb Code    24  stm32f10x_i2c.o(.text)
    I2C_FastModeDutyCycleConfig              0x08001571   Thumb Code    28  stm32f10x_i2c.o(.text)
    I2C_CheckEvent                           0x0800158d   Thumb Code    42  stm32f10x_i2c.o(.text)
    I2C_GetLastEvent                         0x080015b7   Thumb Code    26  stm32f10x_i2c.o(.text)
    I2C_GetFlagStatus                        0x080015d1   Thumb Code    58  stm32f10x_i2c.o(.text)
    I2C_ClearFlag                            0x0800160b   Thumb Code    12  stm32f10x_i2c.o(.text)
    I2C_GetITStatus                          0x08001617   Thumb Code    54  stm32f10x_i2c.o(.text)
    I2C_ClearITPendingBit                    0x0800164d   Thumb Code    12  stm32f10x_i2c.o(.text)
    RCC_DeInit                               0x08001659   Thumb Code    64  stm32f10x_rcc.o(.text)
    RCC_HSEConfig                            0x08001699   Thumb Code    70  stm32f10x_rcc.o(.text)
    RCC_GetFlagStatus                        0x080016df   Thumb Code    56  stm32f10x_rcc.o(.text)
    RCC_WaitForHSEStartUp                    0x08001717   Thumb Code    56  stm32f10x_rcc.o(.text)
    RCC_AdjustHSICalibrationValue            0x0800174f   Thumb Code    20  stm32f10x_rcc.o(.text)
    RCC_HSICmd                               0x08001763   Thumb Code     6  stm32f10x_rcc.o(.text)
    RCC_PLLConfig                            0x08001769   Thumb Code    24  stm32f10x_rcc.o(.text)
    RCC_PLLCmd                               0x08001781   Thumb Code     6  stm32f10x_rcc.o(.text)
    RCC_SYSCLKConfig                         0x08001787   Thumb Code    18  stm32f10x_rcc.o(.text)
    RCC_GetSYSCLKSource                      0x08001799   Thumb Code    10  stm32f10x_rcc.o(.text)
    RCC_HCLKConfig                           0x080017a3   Thumb Code    18  stm32f10x_rcc.o(.text)
    RCC_PCLK1Config                          0x080017b5   Thumb Code    18  stm32f10x_rcc.o(.text)
    RCC_PCLK2Config                          0x080017c7   Thumb Code    20  stm32f10x_rcc.o(.text)
    RCC_ITConfig                             0x080017db   Thumb Code    26  stm32f10x_rcc.o(.text)
    RCC_USBCLKConfig                         0x080017f5   Thumb Code     6  stm32f10x_rcc.o(.text)
    RCC_ADCCLKConfig                         0x080017fb   Thumb Code    18  stm32f10x_rcc.o(.text)
    RCC_LSEConfig                            0x0800180d   Thumb Code    44  stm32f10x_rcc.o(.text)
    RCC_LSICmd                               0x08001839   Thumb Code     6  stm32f10x_rcc.o(.text)
    RCC_RTCCLKConfig                         0x0800183f   Thumb Code    12  stm32f10x_rcc.o(.text)
    RCC_RTCCLKCmd                            0x0800184b   Thumb Code     8  stm32f10x_rcc.o(.text)
    RCC_GetClocksFreq                        0x08001853   Thumb Code   192  stm32f10x_rcc.o(.text)
    RCC_AHBPeriphClockCmd                    0x08001913   Thumb Code    26  stm32f10x_rcc.o(.text)
    RCC_APB2PeriphClockCmd                   0x0800192d   Thumb Code    26  stm32f10x_rcc.o(.text)
    RCC_APB1PeriphClockCmd                   0x08001947   Thumb Code    26  stm32f10x_rcc.o(.text)
    RCC_APB2PeriphResetCmd                   0x08001961   Thumb Code    26  stm32f10x_rcc.o(.text)
    RCC_APB1PeriphResetCmd                   0x0800197b   Thumb Code    26  stm32f10x_rcc.o(.text)
    RCC_BackupResetCmd                       0x08001995   Thumb Code     8  stm32f10x_rcc.o(.text)
    RCC_ClockSecuritySystemCmd               0x0800199d   Thumb Code     6  stm32f10x_rcc.o(.text)
    RCC_MCOConfig                            0x080019a3   Thumb Code     6  stm32f10x_rcc.o(.text)
    RCC_ClearFlag                            0x080019a9   Thumb Code    14  stm32f10x_rcc.o(.text)
    RCC_GetITStatus                          0x080019b7   Thumb Code    20  stm32f10x_rcc.o(.text)
    RCC_ClearITPendingBit                    0x080019cb   Thumb Code     6  stm32f10x_rcc.o(.text)
    TIM_DeInit                               0x080019fd   Thumb Code   424  stm32f10x_tim.o(.text)
    TIM_TimeBaseInit                         0x08001ba5   Thumb Code   122  stm32f10x_tim.o(.text)
    TIM_OC1Init                              0x08001c1f   Thumb Code   132  stm32f10x_tim.o(.text)
    TIM_OC2Init                              0x08001ca3   Thumb Code   154  stm32f10x_tim.o(.text)
    TIM_OC3Init                              0x08001d3d   Thumb Code   150  stm32f10x_tim.o(.text)
    TIM_OC4Init                              0x08001dd3   Thumb Code   182  stm32f10x_tim.o(.text)
    TIM_SetIC4Prescaler                      0x08001e89   Thumb Code    26  stm32f10x_tim.o(.text)
    TIM_SetIC3Prescaler                      0x08001f25   Thumb Code    18  stm32f10x_tim.o(.text)
    TIM_SetIC2Prescaler                      0x08001fb1   Thumb Code    26  stm32f10x_tim.o(.text)
    TIM_SetIC1Prescaler                      0x0800204d   Thumb Code    18  stm32f10x_tim.o(.text)
    TIM_ICInit                               0x080020cb   Thumb Code   150  stm32f10x_tim.o(.text)
    TIM_PWMIConfig                           0x08002161   Thumb Code   124  stm32f10x_tim.o(.text)
    TIM_BDTRConfig                           0x080021dd   Thumb Code    32  stm32f10x_tim.o(.text)
    TIM_TimeBaseStructInit                   0x080021fd   Thumb Code    18  stm32f10x_tim.o(.text)
    TIM_OCStructInit                         0x0800220f   Thumb Code    20  stm32f10x_tim.o(.text)
    TIM_ICStructInit                         0x08002223   Thumb Code    18  stm32f10x_tim.o(.text)
    TIM_BDTRStructInit                       0x08002235   Thumb Code    40  stm32f10x_tim.o(.text)
    TIM_Cmd                                  0x0800225d   Thumb Code    24  stm32f10x_tim.o(.text)
    TIM_CtrlPWMOutputs                       0x08002275   Thumb Code    30  stm32f10x_tim.o(.text)
    TIM_ITConfig                             0x08002293   Thumb Code    18  stm32f10x_tim.o(.text)
    TIM_GenerateEvent                        0x080022a5   Thumb Code     4  stm32f10x_tim.o(.text)
    TIM_DMAConfig                            0x080022a9   Thumb Code    10  stm32f10x_tim.o(.text)
    TIM_DMACmd                               0x080022b3   Thumb Code    18  stm32f10x_tim.o(.text)
    TIM_InternalClockConfig                  0x080022c5   Thumb Code    12  stm32f10x_tim.o(.text)
    TIM_SelectInputTrigger                   0x080022d1   Thumb Code    18  stm32f10x_tim.o(.text)
    TIM_ITRxExternalClockConfig              0x080022e3   Thumb Code    24  stm32f10x_tim.o(.text)
    TIM_TIxExternalClockConfig               0x080022fb   Thumb Code    62  stm32f10x_tim.o(.text)
    TIM_ETRConfig                            0x08002339   Thumb Code    28  stm32f10x_tim.o(.text)
    TIM_ETRClockMode1Config                  0x08002355   Thumb Code    54  stm32f10x_tim.o(.text)
    TIM_ETRClockMode2Config                  0x0800238b   Thumb Code    32  stm32f10x_tim.o(.text)
    TIM_PrescalerConfig                      0x080023ab   Thumb Code     6  stm32f10x_tim.o(.text)
    TIM_CounterModeConfig                    0x080023b1   Thumb Code    18  stm32f10x_tim.o(.text)
    TIM_EncoderInterfaceConfig               0x080023c3   Thumb Code    66  stm32f10x_tim.o(.text)
    TIM_ForcedOC1Config                      0x08002405   Thumb Code    18  stm32f10x_tim.o(.text)
    TIM_ForcedOC2Config                      0x08002417   Thumb Code    26  stm32f10x_tim.o(.text)
    TIM_ForcedOC3Config                      0x08002431   Thumb Code    18  stm32f10x_tim.o(.text)
    TIM_ForcedOC4Config                      0x08002443   Thumb Code    26  stm32f10x_tim.o(.text)
    TIM_ARRPreloadConfig                     0x0800245d   Thumb Code    24  stm32f10x_tim.o(.text)
    TIM_SelectCOM                            0x08002475   Thumb Code    24  stm32f10x_tim.o(.text)
    TIM_SelectCCDMA                          0x0800248d   Thumb Code    24  stm32f10x_tim.o(.text)
    TIM_CCPreloadControl                     0x080024a5   Thumb Code    24  stm32f10x_tim.o(.text)
    TIM_OC1PreloadConfig                     0x080024bd   Thumb Code    18  stm32f10x_tim.o(.text)
    TIM_OC2PreloadConfig                     0x080024cf   Thumb Code    26  stm32f10x_tim.o(.text)
    TIM_OC3PreloadConfig                     0x080024e9   Thumb Code    18  stm32f10x_tim.o(.text)
    TIM_OC4PreloadConfig                     0x080024fb   Thumb Code    26  stm32f10x_tim.o(.text)
    TIM_OC1FastConfig                        0x08002515   Thumb Code    18  stm32f10x_tim.o(.text)
    TIM_OC2FastConfig                        0x08002527   Thumb Code    26  stm32f10x_tim.o(.text)
    TIM_OC3FastConfig                        0x08002541   Thumb Code    18  stm32f10x_tim.o(.text)
    TIM_OC4FastConfig                        0x08002553   Thumb Code    26  stm32f10x_tim.o(.text)
    TIM_ClearOC1Ref                          0x0800256d   Thumb Code    18  stm32f10x_tim.o(.text)
    TIM_ClearOC2Ref                          0x0800257f   Thumb Code    24  stm32f10x_tim.o(.text)
    TIM_ClearOC3Ref                          0x08002597   Thumb Code    18  stm32f10x_tim.o(.text)
    TIM_ClearOC4Ref                          0x080025a9   Thumb Code    24  stm32f10x_tim.o(.text)
    TIM_OC1PolarityConfig                    0x080025c1   Thumb Code    18  stm32f10x_tim.o(.text)
    TIM_OC1NPolarityConfig                   0x080025d3   Thumb Code    18  stm32f10x_tim.o(.text)
    TIM_OC2PolarityConfig                    0x080025e5   Thumb Code    26  stm32f10x_tim.o(.text)
    TIM_OC2NPolarityConfig                   0x080025ff   Thumb Code    26  stm32f10x_tim.o(.text)
    TIM_OC3PolarityConfig                    0x08002619   Thumb Code    26  stm32f10x_tim.o(.text)
    TIM_OC3NPolarityConfig                   0x08002633   Thumb Code    26  stm32f10x_tim.o(.text)
    TIM_OC4PolarityConfig                    0x0800264d   Thumb Code    26  stm32f10x_tim.o(.text)
    TIM_CCxCmd                               0x08002667   Thumb Code    30  stm32f10x_tim.o(.text)
    TIM_CCxNCmd                              0x08002685   Thumb Code    30  stm32f10x_tim.o(.text)
    TIM_SelectOCxM                           0x080026a3   Thumb Code    82  stm32f10x_tim.o(.text)
    TIM_UpdateDisableConfig                  0x080026f5   Thumb Code    24  stm32f10x_tim.o(.text)
    TIM_UpdateRequestConfig                  0x0800270d   Thumb Code    24  stm32f10x_tim.o(.text)
    TIM_SelectHallSensor                     0x08002725   Thumb Code    24  stm32f10x_tim.o(.text)
    TIM_SelectOnePulseMode                   0x0800273d   Thumb Code    18  stm32f10x_tim.o(.text)
    TIM_SelectOutputTrigger                  0x0800274f   Thumb Code    18  stm32f10x_tim.o(.text)
    TIM_SelectSlaveMode                      0x08002761   Thumb Code    18  stm32f10x_tim.o(.text)
    TIM_SelectMasterSlaveMode                0x08002773   Thumb Code    18  stm32f10x_tim.o(.text)
    TIM_SetCounter                           0x08002785   Thumb Code     4  stm32f10x_tim.o(.text)
    TIM_SetAutoreload                        0x08002789   Thumb Code     4  stm32f10x_tim.o(.text)
    TIM_SetCompare1                          0x0800278d   Thumb Code     4  stm32f10x_tim.o(.text)
    TIM_SetCompare2                          0x08002791   Thumb Code     4  stm32f10x_tim.o(.text)
    TIM_SetCompare3                          0x08002795   Thumb Code     4  stm32f10x_tim.o(.text)
    TIM_SetCompare4                          0x08002799   Thumb Code     6  stm32f10x_tim.o(.text)
    TIM_SetClockDivision                     0x0800279f   Thumb Code    18  stm32f10x_tim.o(.text)
    TIM_GetCapture1                          0x080027b1   Thumb Code     6  stm32f10x_tim.o(.text)
    TIM_GetCapture2                          0x080027b7   Thumb Code     6  stm32f10x_tim.o(.text)
    TIM_GetCapture3                          0x080027bd   Thumb Code     6  stm32f10x_tim.o(.text)
    TIM_GetCapture4                          0x080027c3   Thumb Code     8  stm32f10x_tim.o(.text)
    TIM_GetCounter                           0x080027cb   Thumb Code     6  stm32f10x_tim.o(.text)
    TIM_GetPrescaler                         0x080027d1   Thumb Code     6  stm32f10x_tim.o(.text)
    TIM_GetFlagStatus                        0x080027d7   Thumb Code    18  stm32f10x_tim.o(.text)
    TIM_ClearFlag                            0x080027e9   Thumb Code     6  stm32f10x_tim.o(.text)
    TIM_GetITStatus                          0x080027ef   Thumb Code    34  stm32f10x_tim.o(.text)
    TIM_ClearITPendingBit                    0x08002811   Thumb Code     6  stm32f10x_tim.o(.text)
    USART_DeInit                             0x08002819   Thumb Code   134  stm32f10x_usart.o(.text)
    USART_Init                               0x0800289f   Thumb Code   210  stm32f10x_usart.o(.text)
    USART_StructInit                         0x08002971   Thumb Code    24  stm32f10x_usart.o(.text)
    USART_ClockInit                          0x08002989   Thumb Code    34  stm32f10x_usart.o(.text)
    USART_ClockStructInit                    0x080029ab   Thumb Code    12  stm32f10x_usart.o(.text)
    USART_Cmd                                0x080029b7   Thumb Code    24  stm32f10x_usart.o(.text)
    USART_ITConfig                           0x080029cf   Thumb Code    74  stm32f10x_usart.o(.text)
    USART_DMACmd                             0x08002a19   Thumb Code    18  stm32f10x_usart.o(.text)
    USART_SetAddress                         0x08002a2b   Thumb Code    18  stm32f10x_usart.o(.text)
    USART_WakeUpConfig                       0x08002a3d   Thumb Code    18  stm32f10x_usart.o(.text)
    USART_ReceiverWakeUpCmd                  0x08002a4f   Thumb Code    24  stm32f10x_usart.o(.text)
    USART_LINBreakDetectLengthConfig         0x08002a67   Thumb Code    18  stm32f10x_usart.o(.text)
    USART_LINCmd                             0x08002a79   Thumb Code    24  stm32f10x_usart.o(.text)
    USART_SendData                           0x08002a91   Thumb Code     8  stm32f10x_usart.o(.text)
    USART_ReceiveData                        0x08002a99   Thumb Code    10  stm32f10x_usart.o(.text)
    USART_SendBreak                          0x08002aa3   Thumb Code    10  stm32f10x_usart.o(.text)
    USART_SetGuardTime                       0x08002aad   Thumb Code    16  stm32f10x_usart.o(.text)
    USART_SetPrescaler                       0x08002abd   Thumb Code    16  stm32f10x_usart.o(.text)
    USART_SmartCardCmd                       0x08002acd   Thumb Code    24  stm32f10x_usart.o(.text)
    USART_SmartCardNACKCmd                   0x08002ae5   Thumb Code    24  stm32f10x_usart.o(.text)
    USART_HalfDuplexCmd                      0x08002afd   Thumb Code    24  stm32f10x_usart.o(.text)
    USART_OverSampling8Cmd                   0x08002b15   Thumb Code    22  stm32f10x_usart.o(.text)
    USART_OneBitMethodCmd                    0x08002b2b   Thumb Code    24  stm32f10x_usart.o(.text)
    USART_IrDAConfig                         0x08002b43   Thumb Code    18  stm32f10x_usart.o(.text)
    USART_IrDACmd                            0x08002b55   Thumb Code    24  stm32f10x_usart.o(.text)
    USART_GetFlagStatus                      0x08002b6d   Thumb Code    26  stm32f10x_usart.o(.text)
    USART_ClearFlag                          0x08002b87   Thumb Code    18  stm32f10x_usart.o(.text)
    USART_GetITStatus                        0x08002b99   Thumb Code    84  stm32f10x_usart.o(.text)
    USART_ClearITPendingBit                  0x08002bed   Thumb Code    52  stm32f10x_usart.o(.text)
    __2sprintf                               0x08002c21   Thumb Code    34  noretval__2sprintf.o(.text)
    __printf                                 0x08002c49   Thumb Code   104  __printf.o(.text)
    _printf_int_dec                          0x08002cb1   Thumb Code   102  _printf_dec.o(.text)
    __use_two_region_memory                  0x08002d29   Thumb Code     2  heapauxi.o(.text)
    __rt_heap_escrow$2region                 0x08002d2b   Thumb Code     2  heapauxi.o(.text)
    __rt_heap_expand$2region                 0x08002d2d   Thumb Code     2  heapauxi.o(.text)
    _printf_int_common                       0x08002d2f   Thumb Code   184  _printf_intcommon.o(.text)
    _printf_char_common                      0x08002df3   Thumb Code    32  _printf_char_common.o(.text)
    _sputc                                   0x08002e19   Thumb Code    10  _sputc.o(.text)
    __user_setup_stackheap                   0x08002e23   Thumb Code    74  sys_stackheap_outer.o(.text)
    exit                                     0x08002e6d   Thumb Code    12  exit.o(.text)
    __user_libspace                          0x08002e79   Thumb Code     8  libspace.o(.text)
    __user_perproc_libspace                  0x08002e79   Thumb Code     0  libspace.o(.text)
    __user_perthread_libspace                0x08002e79   Thumb Code     0  libspace.o(.text)
    _sys_exit                                0x08002e81   Thumb Code     8  sys_exit.o(.text)
    __I$use$semihosting                      0x08002e8d   Thumb Code     0  use_no_semi.o(.text)
    __use_no_semihosting_swi                 0x08002e8d   Thumb Code     2  use_no_semi.o(.text)
    __semihosting_library_function           0x08002e8f   Thumb Code     0  indicate_semi.o(.text)
    __aeabi_d2f                              0x08002e91   Thumb Code     0  d2f.o(x$fpl$d2f)
    _d2f                                     0x08002e91   Thumb Code    98  d2f.o(x$fpl$d2f)
    __aeabi_dadd                             0x08002ef5   Thumb Code     0  daddsub_clz.o(x$fpl$dadd)
    _dadd                                    0x08002ef5   Thumb Code   332  daddsub_clz.o(x$fpl$dadd)
    __fpl_dcmp_Inf                           0x08003045   Thumb Code    24  dcmpi.o(x$fpl$dcmpinf)
    __aeabi_cdcmple                          0x0800305d   Thumb Code     0  dleqf.o(x$fpl$dleqf)
    _dcmple                                  0x0800305d   Thumb Code   120  dleqf.o(x$fpl$dleqf)
    __fpl_dcmple_InfNaN                      0x080030bf   Thumb Code     0  dleqf.o(x$fpl$dleqf)
    __fpl_dnaninf                            0x080030d5   Thumb Code   156  dnaninf.o(x$fpl$dnaninf)
    __fpl_dretinf                            0x08003171   Thumb Code    12  dretinf.o(x$fpl$dretinf)
    __aeabi_cdrcmple                         0x0800317d   Thumb Code     0  drleqf.o(x$fpl$drleqf)
    _drcmple                                 0x0800317d   Thumb Code   108  drleqf.o(x$fpl$drleqf)
    __aeabi_dsub                             0x080031e9   Thumb Code     0  daddsub_clz.o(x$fpl$dsub)
    _dsub                                    0x080031e9   Thumb Code   464  daddsub_clz.o(x$fpl$dsub)
    __aeabi_f2d                              0x080033bd   Thumb Code     0  f2d.o(x$fpl$f2d)
    _f2d                                     0x080033bd   Thumb Code    86  f2d.o(x$fpl$f2d)
    __aeabi_fadd                             0x08003415   Thumb Code     0  faddsub_clz.o(x$fpl$fadd)
    _fadd                                    0x08003415   Thumb Code   196  faddsub_clz.o(x$fpl$fadd)
    __fpl_fcmp_Inf                           0x080034d9   Thumb Code    24  fcmpi.o(x$fpl$fcmpinf)
    __aeabi_fdiv                             0x080034f1   Thumb Code     0  fdiv.o(x$fpl$fdiv)
    _fdiv                                    0x080034f1   Thumb Code   384  fdiv.o(x$fpl$fdiv)
    __aeabi_ui2f                             0x08003675   Thumb Code     0  fflt_clz.o(x$fpl$ffltu)
    _ffltu                                   0x08003675   Thumb Code    38  fflt_clz.o(x$fpl$ffltu)
    __aeabi_cfcmple                          0x0800369d   Thumb Code     0  fleqf.o(x$fpl$fleqf)
    _fcmple                                  0x0800369d   Thumb Code   104  fleqf.o(x$fpl$fleqf)
    __fpl_fcmple_InfNaN                      0x080036ef   Thumb Code     0  fleqf.o(x$fpl$fleqf)
    __aeabi_fmul                             0x08003705   Thumb Code     0  fmul.o(x$fpl$fmul)
    _fmul                                    0x08003705   Thumb Code   258  fmul.o(x$fpl$fmul)
    __fpl_fnaninf                            0x08003807   Thumb Code   140  fnaninf.o(x$fpl$fnaninf)
    __fpl_fretinf                            0x08003893   Thumb Code    10  fretinf.o(x$fpl$fretinf)
    __aeabi_cfrcmple                         0x0800389d   Thumb Code     0  frleqf.o(x$fpl$frleqf)
    _frcmple                                 0x0800389d   Thumb Code    98  frleqf.o(x$fpl$frleqf)
    __aeabi_fsub                             0x08003901   Thumb Code     0  faddsub_clz.o(x$fpl$fsub)
    _fsub                                    0x08003901   Thumb Code   234  faddsub_clz.o(x$fpl$fsub)
    __I$use$fp                               0x080039ea   Number         0  usenofp.o(x$fpl$usenofp)
    Region$$Table$$Base                      0x080039ec   Number         0  anon$$obj.o(Region$$Table)
    Region$$Table$$Limit                     0x08003a0c   Number         0  anon$$obj.o(Region$$Table)
    temp1                                    0x20000000   Data           2  stm32f10x_it.o(.data)
    read_temp                                0x20000004   Data           4  stm32f10x_it.o(.data)
    i                                        0x20000008   Data           4  stm32f10x_it.o(.data)
    SystemCoreClock                          0x2000000c   Data           4  system_stm32f10x.o(.data)
    AHBPrescTable                            0x20000010   Data          16  system_stm32f10x.o(.data)
    GPIO_InitStructure                       0x20000020   Data           4  main.o(.data)
    NVIC_InitStructure                       0x20000024   Data           4  main.o(.data)
    adc_value                                0x20000028   Data           4  main.o(.data)
    intermediate_value                       0x2000002c   Data           4  main.o(.data)
    limit_value                              0x20000030   Data           4  main.o(.data)
    reference_temperature                    0x20000034   Data           4  main.o(.data)
    t                                        0x20000038   Data           4  main.o(.data)
    error_percent                            0x2000003c   Data           4  main.o(.data)
    overshoot_percent                        0x20000040   Data           4  main.o(.data)
    TIM_TimeBaseStructure                    0x20000058   Data          10  main.o(.bss)
    TIM_OCInitStructure                      0x20000062   Data          16  main.o(.bss)
    ADC_InitStructure                        0x20000074   Data          20  main.o(.bss)
    USART_InitStructure                      0x20000088   Data          16  main.o(.bss)
    I2C_InitStructure                        0x20000098   Data          16  main.o(.bss)
    temperature                              0x200000a8   Data          20  main.o(.bss)
    dataBuffer                               0x200000bc   Data          40  main.o(.bss)
    __libspace_start                         0x200000e4   Data          96  libspace.o(.bss)
    __temporary_stack_top$libspace           0x20000144   Data           0  libspace.o(.bss)



==============================================================================

Memory Map of the image

  Image Entry point : 0x08000191

  Load Region LR_1 (Base: 0x08000000, Size: 0x00003a64, Max: 0xffffffff, ABSOLUTE)

    Execution Region ER_RO (Base: 0x08000000, Size: 0x00003a0c, Max: 0xffffffff, ABSOLUTE)

    Base Addr    Size         Type   Attr      Idx    E Section Name        Object

    0x08000000   0x000000ec   Data   RO            3    RESET               startup_stm32f10x_md.o
    0x080000ec   0x00000008   Code   RO          470  * !!!main             c_w.l(__main.o)
    0x080000f4   0x00000034   Code   RO          682    !!!scatter          c_w.l(__scatter.o)
    0x08000128   0x0000001a   Code   RO          684    !!handler_copy      c_w.l(__scatter_copy.o)
    0x08000142   0x00000002   PAD
    0x08000144   0x0000001c   Code   RO          686    !!handler_zi        c_w.l(__scatter_zi.o)
    0x08000160   0x00000000   Code   RO          467    .ARM.Collect$$_printf_percent$$00000000  c_w.l(_printf_percent.o)
    0x08000160   0x00000006   Code   RO          466    .ARM.Collect$$_printf_percent$$00000009  c_w.l(_printf_d.o)
    0x08000166   0x00000004   Code   RO          513    .ARM.Collect$$_printf_percent$$00000017  c_w.l(_printf_percent_end.o)
    0x0800016a   0x00000002   Code   RO          555    .ARM.Collect$$libinit$$00000000  c_w.l(libinit.o)
    0x0800016c   0x00000000   Code   RO          562    .ARM.Collect$$libinit$$00000002  c_w.l(libinit2.o)
    0x0800016c   0x00000000   Code   RO          565    .ARM.Collect$$libinit$$00000008  c_w.l(libinit2.o)
    0x0800016c   0x00000000   Code   RO          567    .ARM.Collect$$libinit$$0000000A  c_w.l(libinit2.o)
    0x0800016c   0x00000000   Code   RO          569    .ARM.Collect$$libinit$$0000000C  c_w.l(libinit2.o)
    0x0800016c   0x00000000   Code   RO          572    .ARM.Collect$$libinit$$0000000F  c_w.l(libinit2.o)
    0x0800016c   0x00000000   Code   RO          574    .ARM.Collect$$libinit$$00000011  c_w.l(libinit2.o)
    0x0800016c   0x00000000   Code   RO          576    .ARM.Collect$$libinit$$00000013  c_w.l(libinit2.o)
    0x0800016c   0x00000000   Code   RO          578    .ARM.Collect$$libinit$$00000015  c_w.l(libinit2.o)
    0x0800016c   0x00000000   Code   RO          580    .ARM.Collect$$libinit$$00000017  c_w.l(libinit2.o)
    0x0800016c   0x00000000   Code   RO          582    .ARM.Collect$$libinit$$00000019  c_w.l(libinit2.o)
    0x0800016c   0x00000000   Code   RO          584    .ARM.Collect$$libinit$$0000001B  c_w.l(libinit2.o)
    0x0800016c   0x00000000   Code   RO          586    .ARM.Collect$$libinit$$0000001D  c_w.l(libinit2.o)
    0x0800016c   0x00000000   Code   RO          588    .ARM.Collect$$libinit$$0000001F  c_w.l(libinit2.o)
    0x0800016c   0x00000000   Code   RO          590    .ARM.Collect$$libinit$$00000021  c_w.l(libinit2.o)
    0x0800016c   0x00000000   Code   RO          592    .ARM.Collect$$libinit$$00000023  c_w.l(libinit2.o)
    0x0800016c   0x00000000   Code   RO          596    .ARM.Collect$$libinit$$0000002A  c_w.l(libinit2.o)
    0x0800016c   0x00000000   Code   RO          598    .ARM.Collect$$libinit$$0000002C  c_w.l(libinit2.o)
    0x0800016c   0x00000000   Code   RO          600    .ARM.Collect$$libinit$$0000002E  c_w.l(libinit2.o)
    0x0800016c   0x00000000   Code   RO          602    .ARM.Collect$$libinit$$00000030  c_w.l(libinit2.o)
    0x0800016c   0x00000002   Code   RO          603    .ARM.Collect$$libinit$$00000031  c_w.l(libinit2.o)
    0x0800016e   0x00000002   Code   RO          623    .ARM.Collect$$libshutdown$$00000000  c_w.l(libshutdown.o)
    0x08000170   0x00000000   Code   RO          637    .ARM.Collect$$libshutdown$$00000003  c_w.l(libshutdown2.o)
    0x08000170   0x00000000   Code   RO          640    .ARM.Collect$$libshutdown$$00000006  c_w.l(libshutdown2.o)
    0x08000170   0x00000000   Code   RO          643    .ARM.Collect$$libshutdown$$00000009  c_w.l(libshutdown2.o)
    0x08000170   0x00000000   Code   RO          645    .ARM.Collect$$libshutdown$$0000000B  c_w.l(libshutdown2.o)
    0x08000170   0x00000000   Code   RO          648    .ARM.Collect$$libshutdown$$0000000E  c_w.l(libshutdown2.o)
    0x08000170   0x00000002   Code   RO          649    .ARM.Collect$$libshutdown$$0000000F  c_w.l(libshutdown2.o)
    0x08000172   0x00000000   Code   RO          506    .ARM.Collect$$rtentry$$00000000  c_w.l(rtentry.o)
    0x08000172   0x00000000   Code   RO          528    .ARM.Collect$$rtentry$$00000002  c_w.l(rtentry2.o)
    0x08000172   0x00000006   Code   RO          540    .ARM.Collect$$rtentry$$00000004  c_w.l(rtentry4.o)
    0x08000178   0x00000000   Code   RO          530    .ARM.Collect$$rtentry$$00000009  c_w.l(rtentry2.o)
    0x08000178   0x00000004   Code   RO          531    .ARM.Collect$$rtentry$$0000000A  c_w.l(rtentry2.o)
    0x0800017c   0x00000000   Code   RO          533    .ARM.Collect$$rtentry$$0000000C  c_w.l(rtentry2.o)
    0x0800017c   0x00000008   Code   RO          534    .ARM.Collect$$rtentry$$0000000D  c_w.l(rtentry2.o)
    0x08000184   0x00000002   Code   RO          559    .ARM.Collect$$rtexit$$00000000  c_w.l(rtexit.o)
    0x08000186   0x00000000   Code   RO          605    .ARM.Collect$$rtexit$$00000002  c_w.l(rtexit2.o)
    0x08000186   0x00000004   Code   RO          606    .ARM.Collect$$rtexit$$00000003  c_w.l(rtexit2.o)
    0x0800018a   0x00000006   Code   RO          607    .ARM.Collect$$rtexit$$00000004  c_w.l(rtexit2.o)
    0x08000190   0x00000040   Code   RO            4  * .text               startup_stm32f10x_md.o
    0x080001d0   0x00000238   Code   RO           10    .text               stm32f10x_it.o
    0x08000408   0x000001dc   Code   RO          120    .text               system_stm32f10x.o
    0x080005e4   0x000003ec   Code   RO          138    .text               main.o
    0x080009d0   0x000000dc   Code   RO          158    .text               misc.o
    0x08000aac   0x0000044e   Code   RO          170    .text               stm32f10x_adc.o
    0x08000efa   0x00000002   PAD
    0x08000efc   0x00000358   Code   RO          302    .text               stm32f10x_gpio.o
    0x08001254   0x00000404   Code   RO          314    .text               stm32f10x_i2c.o
    0x08001658   0x000003a4   Code   RO          350    .text               stm32f10x_rcc.o
    0x080019fc   0x00000e1a   Code   RO          400    .text               stm32f10x_tim.o
    0x08002816   0x00000002   PAD
    0x08002818   0x00000408   Code   RO          412    .text               stm32f10x_usart.o
    0x08002c20   0x00000028   Code   RO          440    .text               c_w.l(noretval__2sprintf.o)
    0x08002c48   0x00000068   Code   RO          442    .text               c_w.l(__printf.o)
    0x08002cb0   0x00000078   Code   RO          444    .text               c_w.l(_printf_dec.o)
    0x08002d28   0x00000006   Code   RO          468    .text               c_w.l(heapauxi.o)
    0x08002d2e   0x000000b8   Code   RO          507    .text               c_w.l(_printf_intcommon.o)
    0x08002de6   0x00000002   PAD
    0x08002de8   0x00000030   Code   RO          509    .text               c_w.l(_printf_char_common.o)
    0x08002e18   0x0000000a   Code   RO          511    .text               c_w.l(_sputc.o)
    0x08002e22   0x0000004a   Code   RO          546    .text               c_w.l(sys_stackheap_outer.o)
    0x08002e6c   0x0000000c   Code   RO          548    .text               c_w.l(exit.o)
    0x08002e78   0x00000008   Code   RO          556    .text               c_w.l(libspace.o)
    0x08002e80   0x0000000c   Code   RO          615    .text               c_w.l(sys_exit.o)
    0x08002e8c   0x00000002   Code   RO          626    .text               c_w.l(use_no_semi.o)
    0x08002e8e   0x00000000   Code   RO          628    .text               c_w.l(indicate_semi.o)
    0x08002e8e   0x00000002   PAD
    0x08002e90   0x00000062   Code   RO          472    x$fpl$d2f           fz_ws.l(d2f.o)
    0x08002ef2   0x00000002   PAD
    0x08002ef4   0x00000150   Code   RO          474    x$fpl$dadd          fz_ws.l(daddsub_clz.o)
    0x08003044   0x00000018   Code   RO          544    x$fpl$dcmpinf       fz_ws.l(dcmpi.o)
    0x0800305c   0x00000078   Code   RO          514    x$fpl$dleqf         fz_ws.l(dleqf.o)
    0x080030d4   0x0000009c   Code   RO          516    x$fpl$dnaninf       fz_ws.l(dnaninf.o)
    0x08003170   0x0000000c   Code   RO          518    x$fpl$dretinf       fz_ws.l(dretinf.o)
    0x0800317c   0x0000006c   Code   RO          480    x$fpl$drleqf        fz_ws.l(drleqf.o)
    0x080031e8   0x000001d4   Code   RO          476    x$fpl$dsub          fz_ws.l(daddsub_clz.o)
    0x080033bc   0x00000056   Code   RO          482    x$fpl$f2d           fz_ws.l(f2d.o)
    0x08003412   0x00000002   PAD
    0x08003414   0x000000c4   Code   RO          484    x$fpl$fadd          fz_ws.l(faddsub_clz.o)
    0x080034d8   0x00000018   Code   RO          520    x$fpl$fcmpinf       fz_ws.l(fcmpi.o)
    0x080034f0   0x00000184   Code   RO          491    x$fpl$fdiv          fz_ws.l(fdiv.o)
    0x08003674   0x00000026   Code   RO          494    x$fpl$ffltu         fz_ws.l(fflt_clz.o)
    0x0800369a   0x00000002   PAD
    0x0800369c   0x00000068   Code   RO          500    x$fpl$fleqf         fz_ws.l(fleqf.o)
    0x08003704   0x00000102   Code   RO          502    x$fpl$fmul          fz_ws.l(fmul.o)
    0x08003806   0x0000008c   Code   RO          522    x$fpl$fnaninf       fz_ws.l(fnaninf.o)
    0x08003892   0x0000000a   Code   RO          524    x$fpl$fretinf       fz_ws.l(fretinf.o)
    0x0800389c   0x00000062   Code   RO          504    x$fpl$frleqf        fz_ws.l(frleqf.o)
    0x080038fe   0x00000002   PAD
    0x08003900   0x000000ea   Code   RO          486    x$fpl$fsub          fz_ws.l(faddsub_clz.o)
    0x080039ea   0x00000000   Code   RO          526    x$fpl$usenofp       fz_ws.l(usenofp.o)
    0x080039ea   0x00000002   PAD
    0x080039ec   0x00000020   Data   RO          680    Region$$Table       anon$$obj.o


    Execution Region ER_RW (Base: 0x20000000, Size: 0x00000058, Max: 0xffffffff, ABSOLUTE)

    Base Addr    Size         Type   Attr      Idx    E Section Name        Object

    0x20000000   0x0000000c   Data   RW           11    .data               stm32f10x_it.o
    0x2000000c   0x00000014   Data   RW          121    .data               system_stm32f10x.o
    0x20000020   0x00000024   Data   RW          140    .data               main.o
    0x20000044   0x00000014   Data   RW          351    .data               stm32f10x_rcc.o


    Execution Region ER_ZI (Base: 0x20000058, Size: 0x000006f0, Max: 0xffffffff, ABSOLUTE)

    Base Addr    Size         Type   Attr      Idx    E Section Name        Object

    0x20000058   0x0000008c   Zero   RW          139    .bss                main.o
    0x200000e4   0x00000060   Zero   RW          557    .bss                c_w.l(libspace.o)
    0x20000144   0x00000004   PAD
    0x20000148   0x00000200   Zero   RW            2    HEAP                startup_stm32f10x_md.o
    0x20000348   0x00000400   Zero   RW            1    STACK               startup_stm32f10x_md.o


==============================================================================

Image component sizes


      Code (inc. data)   RO Data    RW Data    ZI Data      Debug   Object Name

      1004         88          0         36        140       2977   main.o
       220         20          0          0          0       1769   misc.o
        64         26        236          0       1536        748   startup_stm32f10x_md.o
      1102         26          0          0          0      10801   stm32f10x_adc.o
       856         40          0          0          0       5613   stm32f10x_gpio.o
      1028         16          0          0          0       9079   stm32f10x_i2c.o
       568         68          0         12          0     270224   stm32f10x_it.o
       932         44          0         20          0       8740   stm32f10x_rcc.o
      3610         88          0          0          0      22100   stm32f10x_tim.o
      1032         22          0          0          0       8340   stm32f10x_usart.o
       476         36          0         20          0       1599   system_stm32f10x.o

    ----------------------------------------------------------------------
     10896        474        268         88       1676     341990   Object Totals
         0          0         32          0          0          0   (incl. Generated)
         4          0          0          0          0          0   (incl. Padding)

    ----------------------------------------------------------------------

      Code (inc. data)   RO Data    RW Data    ZI Data      Debug   Library Member Name

         8          0          0          0          0         68   __main.o
       104          0          0          0          0         84   __printf.o
        52          8          0          0          0          0   __scatter.o
        26          0          0          0          0          0   __scatter_copy.o
        28          0          0          0          0          0   __scatter_zi.o
        48          6          0          0          0         96   _printf_char_common.o
         6          0          0          0          0          0   _printf_d.o
       120         18          0          0          0         92   _printf_dec.o
       184          0          0          0          0         88   _printf_intcommon.o
         0          0          0          0          0          0   _printf_percent.o
         4          0          0          0          0          0   _printf_percent_end.o
        10          0          0          0          0         68   _sputc.o
        12          0          0          0          0         72   exit.o
         6          0          0          0          0        152   heapauxi.o
         0          0          0          0          0          0   indicate_semi.o
         2          0          0          0          0          0   libinit.o
         2          0          0          0          0          0   libinit2.o
         2          0          0          0          0          0   libshutdown.o
         2          0          0          0          0          0   libshutdown2.o
         8          4          0          0         96         68   libspace.o
        40          6          0          0          0         84   noretval__2sprintf.o
         0          0          0          0          0          0   rtentry.o
        12          0          0          0          0          0   rtentry2.o
         6          0          0          0          0          0   rtentry4.o
         2          0          0          0          0          0   rtexit.o
        10          0          0          0          0          0   rtexit2.o
        12          4          0          0          0         68   sys_exit.o
        74          0          0          0          0         80   sys_stackheap_outer.o
         2          0          0          0          0         68   use_no_semi.o
        98          4          0          0          0         92   d2f.o
       804         16          0          0          0        272   daddsub_clz.o
        24          0          0          0          0         68   dcmpi.o
       120          4          0          0          0         92   dleqf.o
       156          4          0          0          0         92   dnaninf.o
        12          0          0          0          0         68   dretinf.o
       108          0          0          0          0         80   drleqf.o
        86          4          0          0          0         84   f2d.o
       430          8          0          0          0        168   faddsub_clz.o
        24          0          0          0          0         68   fcmpi.o
       388         76          0          0          0         96   fdiv.o
        38          0          0          0          0         68   fflt_clz.o
       104          4          0          0          0         84   fleqf.o
       258          4          0          0          0         84   fmul.o
       140          4          0          0          0         84   fnaninf.o
        10          0          0          0          0         68   fretinf.o
        98          0          0          0          0         68   frleqf.o
         0          0          0          0          0          0   usenofp.o

    ----------------------------------------------------------------------
      3696        174          0          0        100       2724   Library Totals
        16          0          0          0          4          0   (incl. Padding)

    ----------------------------------------------------------------------

      Code (inc. data)   RO Data    RW Data    ZI Data      Debug   Library Name

       782         46          0          0         96       1088   c_w.l
      2898        128          0          0          0       1636   fz_ws.l

    ----------------------------------------------------------------------
      3696        174          0          0        100       2724   Library Totals

    ----------------------------------------------------------------------

==============================================================================


      Code (inc. data)   RO Data    RW Data    ZI Data      Debug   

     14592        648        268         88       1776     341958   Grand Totals
     14592        648        268         88       1776     341958   ELF Image Totals
     14592        648        268         88          0          0   ROM Totals

==============================================================================

    Total RO  Size (Code + RO Data)                14860 (  14.51kB)
    Total RW  Size (RW Data + ZI Data)              1864 (   1.82kB)
    Total ROM Size (Code + RO Data + RW Data)      14948 (  14.60kB)

==============================================================================

